Archive member included because of file (symbol)

C:\Users\99141145\Documents\develop\Project-john\Library\libOS.a(OS.o)
                              ./Sources/main.o (OS_Init)
C:\Users\99141145\Documents\develop\Project-john\Library\libAnalog.a(analog.o)
                              ./Sources/main.o (Analog_Init)
C:\Users\99141145\Documents\develop\Project-john\Library\libAnalog.a(SPI.o)
                              C:\Users\99141145\Documents\develop\Project-john\Library\libAnalog.a(analog.o) (SPI_Init)
c:/freescale/kds_3.0.0/toolchain/bin/../lib/gcc/arm-none-eabi/4.8.4/../../../../arm-none-eabi/lib/armv7e-m/fpu\libm.a(lib_a-s_ceil.o)
                              ./Sources/UART.o (ceil)
c:/freescale/kds_3.0.0/toolchain/bin/../lib/gcc/arm-none-eabi/4.8.4/../../../../arm-none-eabi/lib/armv7e-m/fpu\libm.a(lib_a-s_floor.o)
                              ./Sources/HMI.o (floor)
c:/freescale/kds_3.0.0/toolchain/bin/../lib/gcc/arm-none-eabi/4.8.4/../../../../arm-none-eabi/lib/armv7e-m/fpu\libm.a(lib_a-s_round.o)
                              ./Sources/measure.o (round)
c:/freescale/kds_3.0.0/toolchain/bin/../lib/gcc/arm-none-eabi/4.8.4/../../../../arm-none-eabi/lib/armv7e-m/fpu\libm.a(lib_a-w_pow.o)
                              ./Sources/measure.o (pow)
c:/freescale/kds_3.0.0/toolchain/bin/../lib/gcc/arm-none-eabi/4.8.4/../../../../arm-none-eabi/lib/armv7e-m/fpu\libm.a(lib_a-w_sqrt.o)
                              ./Sources/measure.o (sqrt)
c:/freescale/kds_3.0.0/toolchain/bin/../lib/gcc/arm-none-eabi/4.8.4/../../../../arm-none-eabi/lib/armv7e-m/fpu\libm.a(lib_a-e_pow.o)
                              c:/freescale/kds_3.0.0/toolchain/bin/../lib/gcc/arm-none-eabi/4.8.4/../../../../arm-none-eabi/lib/armv7e-m/fpu\libm.a(lib_a-w_pow.o) (__ieee754_pow)
c:/freescale/kds_3.0.0/toolchain/bin/../lib/gcc/arm-none-eabi/4.8.4/../../../../arm-none-eabi/lib/armv7e-m/fpu\libm.a(lib_a-e_sqrt.o)
                              c:/freescale/kds_3.0.0/toolchain/bin/../lib/gcc/arm-none-eabi/4.8.4/../../../../arm-none-eabi/lib/armv7e-m/fpu\libm.a(lib_a-w_sqrt.o) (__ieee754_sqrt)
c:/freescale/kds_3.0.0/toolchain/bin/../lib/gcc/arm-none-eabi/4.8.4/../../../../arm-none-eabi/lib/armv7e-m/fpu\libm.a(lib_a-s_fabs.o)
                              c:/freescale/kds_3.0.0/toolchain/bin/../lib/gcc/arm-none-eabi/4.8.4/../../../../arm-none-eabi/lib/armv7e-m/fpu\libm.a(lib_a-e_pow.o) (fabs)
c:/freescale/kds_3.0.0/toolchain/bin/../lib/gcc/arm-none-eabi/4.8.4/../../../../arm-none-eabi/lib/armv7e-m/fpu\libm.a(lib_a-s_finite.o)
                              c:/freescale/kds_3.0.0/toolchain/bin/../lib/gcc/arm-none-eabi/4.8.4/../../../../arm-none-eabi/lib/armv7e-m/fpu\libm.a(lib_a-w_pow.o) (finite)
c:/freescale/kds_3.0.0/toolchain/bin/../lib/gcc/arm-none-eabi/4.8.4/../../../../arm-none-eabi/lib/armv7e-m/fpu\libm.a(lib_a-s_fpclassify.o)
                              c:/freescale/kds_3.0.0/toolchain/bin/../lib/gcc/arm-none-eabi/4.8.4/../../../../arm-none-eabi/lib/armv7e-m/fpu\libm.a(lib_a-w_pow.o) (__fpclassifyd)
c:/freescale/kds_3.0.0/toolchain/bin/../lib/gcc/arm-none-eabi/4.8.4/../../../../arm-none-eabi/lib/armv7e-m/fpu\libm.a(lib_a-s_lib_ver.o)
                              c:/freescale/kds_3.0.0/toolchain/bin/../lib/gcc/arm-none-eabi/4.8.4/../../../../arm-none-eabi/lib/armv7e-m/fpu\libm.a(lib_a-w_pow.o) (__fdlib_version)
c:/freescale/kds_3.0.0/toolchain/bin/../lib/gcc/arm-none-eabi/4.8.4/../../../../arm-none-eabi/lib/armv7e-m/fpu\libm.a(lib_a-s_matherr.o)
                              c:/freescale/kds_3.0.0/toolchain/bin/../lib/gcc/arm-none-eabi/4.8.4/../../../../arm-none-eabi/lib/armv7e-m/fpu\libm.a(lib_a-w_pow.o) (matherr)
c:/freescale/kds_3.0.0/toolchain/bin/../lib/gcc/arm-none-eabi/4.8.4/../../../../arm-none-eabi/lib/armv7e-m/fpu\libm.a(lib_a-s_nan.o)
                              c:/freescale/kds_3.0.0/toolchain/bin/../lib/gcc/arm-none-eabi/4.8.4/../../../../arm-none-eabi/lib/armv7e-m/fpu\libm.a(lib_a-e_pow.o) (nan)
c:/freescale/kds_3.0.0/toolchain/bin/../lib/gcc/arm-none-eabi/4.8.4/../../../../arm-none-eabi/lib/armv7e-m/fpu\libm.a(lib_a-s_rint.o)
                              c:/freescale/kds_3.0.0/toolchain/bin/../lib/gcc/arm-none-eabi/4.8.4/../../../../arm-none-eabi/lib/armv7e-m/fpu\libm.a(lib_a-w_pow.o) (rint)
c:/freescale/kds_3.0.0/toolchain/bin/../lib/gcc/arm-none-eabi/4.8.4/../../../../arm-none-eabi/lib/armv7e-m/fpu\libm.a(lib_a-s_scalbn.o)
                              c:/freescale/kds_3.0.0/toolchain/bin/../lib/gcc/arm-none-eabi/4.8.4/../../../../arm-none-eabi/lib/armv7e-m/fpu\libm.a(lib_a-e_pow.o) (scalbn)
c:/freescale/kds_3.0.0/toolchain/bin/../lib/gcc/arm-none-eabi/4.8.4/../../../../arm-none-eabi/lib/armv7e-m/fpu\libm.a(lib_a-s_copysign.o)
                              c:/freescale/kds_3.0.0/toolchain/bin/../lib/gcc/arm-none-eabi/4.8.4/../../../../arm-none-eabi/lib/armv7e-m/fpu\libm.a(lib_a-s_scalbn.o) (copysign)
c:/freescale/kds_3.0.0/toolchain/bin/../lib/gcc/arm-none-eabi/4.8.4/armv7e-m/fpu\libgcc.a(_arm_addsubdf3.o)
[...]
Memory Configuration

Name             Origin             Length             Attributes
m_interrupts     0x00000000         0x000001e8         xr
m_text           0x00000410         0x0007fbf0         xr
m_data           0x1fff0000         0x00010000         rw
m_data_20000000  0x20000000         0x00010000         rw
m_cfmprotrom     0x00000400         0x00000010         xr
*default*        0x00000000         0xffffffff

Linker script and memory map

LOAD c:/freescale/kds_3.0.0/toolchain/bin/../lib/gcc/arm-none-eabi/4.8.4/armv7e-m/fpu/crti.o
LOAD c:/freescale/kds_3.0.0/toolchain/bin/../lib/gcc/arm-none-eabi/4.8.4/armv7e-m/fpu/crtbegin.o
LOAD c:/freescale/kds_3.0.0/toolchain/bin/../lib/gcc/arm-none-eabi/4.8.4/../../../../arm-none-eabi/lib/armv7e-m/fpu/crt0.o
LOAD ./Sources/Events.o
LOAD ./Sources/FIFO.o
LOAD ./Sources/FTM.o
LOAD ./Sources/Flash.o
LOAD ./Sources/HMI.o
LOAD ./Sources/LED.o
LOAD ./Sources/LPT.o
LOAD ./Sources/PIT.o
LOAD ./Sources/RTC.o
LOAD ./Sources/UART.o
LOAD ./Sources/main.o
LOAD ./Sources/measure.o
LOAD ./Sources/packet.o
LOAD ./Sources/selftest.o
LOAD ./Project_Settings/Startup_Code/startup.o
LOAD ./Generated_Code/Cpu.o
LOAD ./Generated_Code/PE_LDD.o
LOAD ./Generated_Code/Vectors.o
LOAD C:\Users\99141145\Documents\develop\Project-john\Library\libOS.a
LOAD C:\Users\99141145\Documents\develop\Project-john\Library\libAnalog.a
LOAD c:/freescale/kds_3.0.0/toolchain/bin/../lib/gcc/arm-none-eabi/4.8.4/../../../../arm-none-eabi/lib/armv7e-m/fpu\libstdc++_s.a
LOAD c:/freescale/kds_3.0.0/toolchain/bin/../lib/gcc/arm-none-eabi/4.8.4/../../../../arm-none-eabi/lib/armv7e-m/fpu\libm.a
START GROUP
LOAD c:/freescale/kds_3.0.0/toolchain/bin/../lib/gcc/arm-none-eabi/4.8.4/armv7e-m/fpu\libgcc.a
LOAD c:/freescale/kds_3.0.0/toolchain/bin/../lib/gcc/arm-none-eabi/4.8.4/../../../../arm-none-eabi/lib/armv7e-m/fpu\libg_s.a
LOAD c:/freescale/kds_3.0.0/toolchain/bin/../lib/gcc/arm-none-eabi/4.8.4/../../../../arm-none-eabi/lib/armv7e-m/fpu\libc_s.a
END GROUP
START GROUP
LOAD c:/freescale/kds_3.0.0/toolchain/bin/../lib/gcc/arm-none-eabi/4.8.4/armv7e-m/fpu\libgcc.a
LOAD c:/freescale/kds_3.0.0/toolchain/bin/../lib/gcc/arm-none-eabi/4.8.4/../../../../arm-none-eabi/lib/armv7e-m/fpu\libc_s.a
LOAD c:/freescale/kds_3.0.0/toolchain/bin/../lib/gcc/arm-none-eabi/4.8.4/../../../../arm-none-eabi/lib/armv7e-m/fpu\libnosys.a
END GROUP
START GROUP
LOAD c:/freescale/kds_3.0.0/toolchain/bin/../lib/gcc/arm-none-eabi/4.8.4/armv7e-m/fpu\libgcc.a
LOAD c:/freescale/kds_3.0.0/toolchain/bin/../lib/gcc/arm-none-eabi/4.8.4/../../../../arm-none-eabi/lib/armv7e-m/fpu\libc_s.a
LOAD c:/freescale/kds_3.0.0/toolchain/bin/../lib/gcc/arm-none-eabi/4.8.4/../../../../arm-none-eabi/lib/armv7e-m/fpu\libnosys.a
END GROUP
LOAD c:/freescale/kds_3.0.0/toolchain/bin/../lib/gcc/arm-none-eabi/4.8.4/armv7e-m/fpu/crtend.o
LOAD c:/freescale/kds_3.0.0/toolchain/bin/../lib/gcc/arm-none-eabi/4.8.4/armv7e-m/fpu/crtn.o
                0x20000000                _estack = 0x20000000
                0x20000000                __SP_INIT = _estack
                0x20000000                __stack = _estack
                0x00000000                __heap_size = 0x0
                0x00000400                __stack_size = 0x400

.interrupts     0x00000000      0x1e8
                0x00000000                __vector_table = .
                0x00000000                . = ALIGN (0x4)
 *(.vectortable)
 .vectortable   0x00000000      0x1e8 ./Generated_Code/Vectors.o
                0x00000000                __vect_table
                0x000001e8                . = ALIGN (0x4)

.cfmprotect     0x00000400       0x10
                0x00000400                . = ALIGN (0x4)
 *(.cfmconfig)
 .cfmconfig     0x00000400       0x10 ./Generated_Code/Cpu.o
                0x00000400                _cfm
                0x00000410                . = ALIGN (0x4)

.text           0x00000410     0x73f4
                0x00000410                . = ALIGN (0x4)
 *(.text)
 .text          0x00000410       0x54 c:/freescale/kds_3.0.0/toolchain/bin/../lib/gcc/arm-none-eabi/4.8.4/armv7e-m/fpu/crtbegin.o
 .text          0x00000464       0x74 c:/freescale/kds_3.0.0/toolchain/bin/../lib/gcc/arm-none-eabi/4.8.4/../../../../arm-none-eabi/lib/armv7e-m/fpu/crt0.o
                0x00000464                _start
                0x00000464                _mainCRTStartup
 .text          0x000004d8      0x370 c:/freescale/kds_3.0.0/toolchain/bin/../lib/gcc/arm-none-eabi/4.8.4/armv7e-m/fpu\libgcc.a(_arm_addsubdf3.o)
                0x000004d8                __aeabi_drsub
                0x000004e0                __aeabi_dsub
                0x000004e0                __subdf3
                0x000004e4                __aeabi_dadd
                0x000004e4                __adddf3
                0x0000075c                __floatunsidf
                0x0000075c                __aeabi_ui2d
                0x0000077c                __floatsidf
                0x0000077c                __aeabi_i2d
                0x000007a0                __aeabi_f2d
                0x000007a0                __extendsfdf2
                0x000007dc                __floatundidf
                0x000007dc                __aeabi_ul2d
                0x000007ec                __floatdidf
                0x000007ec                __aeabi_l2d
 .text          0x00000848      0x424 c:/freescale/kds_3.0.0/toolchain/bin/../lib/gcc/arm-none-eabi/4.8.4/armv7e-m/fpu\libgcc.a(_arm_muldivdf3.o)
                0x00000848                __aeabi_dmul
                0x00000848                __muldf3
                0x00000a9c                __divdf3
                0x00000a9c                __aeabi_ddiv
 .text          0x00000c6c      0x110 c:/freescale/kds_3.0.0/toolchain/bin/../lib/gcc/arm-none-eabi/4.8.4/armv7e-m/fpu\libgcc.a(_arm_cmpdf2.o)
                0x00000c6c                __gtdf2
                0x00000c6c                __gedf2
                0x00000c74                __ltdf2
                0x00000c74                __ledf2
                0x00000c7c                __nedf2
                0x00000c7c                __eqdf2
                0x00000c7c                __cmpdf2
                0x00000cf8                __aeabi_cdrcmple
                0x00000d08                __aeabi_cdcmpeq
                0x00000d08                __aeabi_cdcmple
                0x00000d18                __aeabi_dcmpeq
                0x00000d2c                __aeabi_dcmplt
                0x00000d40                __aeabi_dcmple
                0x00000d54                __aeabi_dcmpge
                0x00000d68                __aeabi_dcmpgt
 .text          0x00000d7c       0x50 c:/freescale/kds_3.0.0/toolchain/bin/../lib/gcc/arm-none-eabi/4.8.4/armv7e-m/fpu\libgcc.a(_arm_fixdfsi.o)
                0x00000d7c                __aeabi_d2iz
                0x00000d7c                __fixdfsi
 .text          0x00000dcc       0x40 c:/freescale/kds_3.0.0/toolchain/bin/../lib/gcc/arm-none-eabi/4.8.4/armv7e-m/fpu\libgcc.a(_arm_fixunsdfsi.o)
                0x00000dcc                __aeabi_d2uiz
                0x00000dcc                __fixunsdfsi
 .text          0x00000e0c       0xa0 c:/freescale/kds_3.0.0/toolchain/bin/../lib/gcc/arm-none-eabi/4.8.4/armv7e-m/fpu\libgcc.a(_arm_truncdfsf2.o)
                0x00000e0c                __truncdfsf2
                0x00000e0c                __aeabi_d2f
 *(.text*)
 .text.FIFO_Init
                0x00000eac       0x4c ./Sources/FIFO.o
                0x00000eac                FIFO_Init
 .text.FIFO_Put
                0x00000ef8       0x84 ./Sources/FIFO.o
                0x00000ef8                FIFO_Put
 .text.FIFO_Get
                0x00000f7c       0x84 ./Sources/FIFO.o
                0x00000f7c                FIFO_Get
 .text.FTM_Init
                0x00001000       0xb0 ./Sources/FTM.o
                0x00001000                FTM_Init
 .text.FTM_Set  0x000010b0      0x208 ./Sources/FTM.o
                0x000010b0                FTM_Set
 .text.FTM_StartTimer
                0x000012b8       0x8c ./Sources/FTM.o
                0x000012b8                FTM_StartTimer
 .text.FTM0_ISR
                0x00001344       0xac ./Sources/FTM.o
                0x00001344                FTM0_ISR
 .text.Flash_Init
                0x000013f0       0x10 ./Sources/Flash.o
                0x000013f0                Flash_Init
 .text.Flash_AllocateVar
                0x00001400      0x130 ./Sources/Flash.o
                0x00001400                Flash_AllocateVar
 .text.Flash_Write32
                0x00001530       0x5c ./Sources/Flash.o
                0x00001530                Flash_Write32
 .text.Flash_Write16
                0x0000158c       0x70 ./Sources/Flash.o
                0x0000158c                Flash_Write16
 .text.Flash_Write8
                0x000015fc       0x58 ./Sources/Flash.o
                0x000015fc                Flash_Write8
 .text.Flash_Erase
                0x00001654       0x14 ./Sources/Flash.o
                0x00001654                Flash_Erase
 .text.ModifyPhrase
                0x00001668       0x38 ./Sources/Flash.o
 .text.WritePhrase
                0x000016a0       0x74 ./Sources/Flash.o
 .text.EraseSector
                0x00001714       0x24 ./Sources/Flash.o
 .text.LaunchCommand
                0x00001738       0xb8 ./Sources/Flash.o
 .text.ContructPhraseWriteCommand
                0x000017f0       0x28 ./Sources/Flash.o
 .text.HMI_Init
                0x00001818       0x98 ./Sources/HMI.o
                0x00001818                HMI_Init
 .text.display_Mode
                0x000018b0       0x64 ./Sources/HMI.o
                0x000018b0                display_Mode
 .text.HMI_Display
                0x00001914      0x248 ./Sources/HMI.o
                0x00001914                HMI_Display
 .text.HMI_Formatcurrency
                0x00001b5c       0x58 ./Sources/HMI.o
                0x00001b5c                HMI_Formatcurrency
 .text.HMI_Formatnumber
                0x00001bb4       0x58 ./Sources/HMI.o
                0x00001bb4                HMI_Formatnumber
 .text.SW1_ISR  0x00001c0c       0x40 ./Sources/HMI.o
                0x00001c0c                SW1_ISR
 .text.LEDs_Init
                0x00001c4c       0x74 ./Sources/LED.o
                0x00001c4c                LEDs_Init
 .text.LEDs_On  0x00001cc0       0x24 ./Sources/LED.o
                0x00001cc0                LEDs_On
 .text.LEDs_Off
                0x00001ce4       0x24 ./Sources/LED.o
                0x00001ce4                LEDs_Off
 .text.LEDs_Toggle
                0x00001d08       0x24 ./Sources/LED.o
                0x00001d08                LEDs_Toggle
 .text.LPTimer_ISR
                0x00001d2c       0x3c ./Sources/LPT.o
                0x00001d2c                LPTimer_ISR
 .text.PIT_Init
                0x00001d68       0xd0 ./Sources/PIT.o
                0x00001d68                PIT_Init
 .text.PIT_Set  0x00001e38       0x44 ./Sources/PIT.o
                0x00001e38                PIT_Set
 .text.PIT_Enable
                0x00001e7c       0x40 ./Sources/PIT.o
                0x00001e7c                PIT_Enable
 .text.PIT_ISR  0x00001ebc       0x50 ./Sources/PIT.o
                0x00001ebc                PIT_ISR
 .text.RTC_Init
                0x00001f0c      0x128 ./Sources/RTC.o
                0x00001f0c                RTC_Init
 .text.RTC_Set  0x00002034       0xa8 ./Sources/RTC.o
                0x00002034                RTC_Set
 .text.RTC_Get  0x000020dc       0x3c ./Sources/RTC.o
                0x000020dc                RTC_Get
 .text.RTC_Format_Hours
                0x00002118       0x8c ./Sources/RTC.o
                0x00002118                RTC_Format_Hours
 .text.RTC_Format_Time
                0x000021a4       0xc4 ./Sources/RTC.o
                0x000021a4                RTC_Format_Time
 .text.RTC_ISR  0x00002268       0x2c ./Sources/RTC.o
                0x00002268                RTC_ISR
 .text.UART_Init
                0x00002294      0x1c0 ./Sources/UART.o
                0x00002294                UART_Init
 .text.UART_InChar
                0x00002454       0x20 ./Sources/UART.o
                0x00002454                UART_InChar
 .text.UART_OutChar
                0x00002474       0x24 ./Sources/UART.o
                0x00002474                UART_OutChar
 .text.UART_OutString
                0x00002498       0x3c ./Sources/UART.o
                0x00002498                UART_OutString
 .text.TransmitThread
                0x000024d4       0x40 ./Sources/UART.o
                0x000024d4                TransmitThread
 .text.ReceiveThread
                0x00002514       0x30 ./Sources/UART.o
                0x00002514                ReceiveThread
 .text.UART_ISR
                0x00002544       0x94 ./Sources/UART.o
                0x00002544                UART_ISR
 .text.TowerInit
                0x000025d8      0x170 ./Sources/main.o
                0x000025d8                TowerInit
 .text.AnalogLoopbackThread
                0x00002748      0x100 ./Sources/main.o
                0x00002748                AnalogLoopbackThread
 .text.main     0x00002848       0xc8 ./Sources/main.o
                0x00002848                main
 .text.MainThread
                0x00002910       0x2c ./Sources/main.o
                0x00002910                MainThread
 .text.HandlePacket
                0x0000293c      0x1ec ./Sources/main.o
                0x0000293c                HandlePacket
 .text.VersionFunction
                0x00002b28       0x1c ./Sources/main.o
 .text.TNumberFunction
                0x00002b44       0x6c ./Sources/main.o
 .text.TModeFunction
                0x00002bb0       0x6c ./Sources/main.o
 .text.ProgramFunction
                0x00002c1c       0x40 ./Sources/main.o
 .text.ReadFunction
                0x00002c5c       0x3c ./Sources/main.o
 .text.TimeFunction
                0x00002c98       0x48 ./Sources/main.o
 .text.HandleStartupPacket
                0x00002ce0       0x58 ./Sources/main.o
 .text.ProgramByte
                0x00002d38       0x20 ./Sources/main.o
                0x00002d38                ProgramByte
 .text.SelfTestFunction
                0x00002d58       0x40 ./Sources/main.o
                0x00002d58                SelfTestFunction
 .text.TariffFunction
                0x00002d98       0x40 ./Sources/main.o
                0x00002d98                TariffFunction
 .text.UpTimeFunction
                0x00002dd8       0x54 ./Sources/main.o
                0x00002dd8                UpTimeFunction
 .text.PowerFunction
                0x00002e2c       0x40 ./Sources/main.o
                0x00002e2c                PowerFunction
 .text.EnergyFunction
                0x00002e6c       0x4c ./Sources/main.o
                0x00002e6c                EnergyFunction
 .text.CostFunction
                0x00002eb8       0x5c ./Sources/main.o
                0x00002eb8                CostFunction
 .text.FrequencyFunction
                0x00002f14       0x48 ./Sources/main.o
                0x00002f14                FrequencyFunction
 .text.VoltRMSFunction
                0x00002f5c       0x40 ./Sources/main.o
                0x00002f5c                VoltRMSFunction
 .text.AmpRMSFunction
                0x00002f9c       0x40 ./Sources/main.o
                0x00002f9c                AmpRMSFunction
 .text.PowFactFunction
                0x00002fdc       0x4c ./Sources/main.o
                0x00002fdc                PowFactFunction
 .text.ChangeVoltMultFunction
                0x00003028       0x50 ./Sources/main.o
                0x00003028                ChangeVoltMultFunction
 .text.ChangeAmpMultFunction
                0x00003078       0x50 ./Sources/main.o
                0x00003078                ChangeAmpMultFunction
 .text.RTCThread
                0x000030c8       0x5c ./Sources/main.o
                0x000030c8                RTCThread
 .text.FTMCallback0
                0x00003124       0x24 ./Sources/main.o
                0x00003124                FTMCallback0
 .text.Measure_Init
                0x00003148       0x70 ./Sources/measure.o
                0x00003148                Measure_Init
 .text.Measure_Calc
                0x000031b8      0x1d8 ./Sources/measure.o
                0x000031b8                Measure_Calc
 .text.Measure_Scale_Volt
                0x00003390       0xc8 ./Sources/measure.o
                0x00003390                Measure_Scale_Volt
 .text.Measure_Scale_Cur
                0x00003458       0xa0 ./Sources/measure.o
                0x00003458                Measure_Scale_Cur
 .text.Measure_UpTimeTick
                0x000034f8       0x68 ./Sources/measure.o
                0x000034f8                Measure_UpTimeTick
 .text.Measure_TariffInit
                0x00003560       0x2c ./Sources/measure.o
                0x00003560                Measure_TariffInit
 .text.tariffTimeOpt
                0x0000358c       0x98 ./Sources/measure.o
                0x0000358c                tariffTimeOpt
 .text.Measure_TariffFunction
                0x00003624       0x30 ./Sources/measure.o
                0x00003624                Measure_TariffFunction
 .text.calcAvgPower
                0x00003654       0x2c ./Sources/measure.o
                0x00003654                calcAvgPower
 .text.calcEnergy
                0x00003680       0xa0 ./Sources/measure.o
                0x00003680                calcEnergy
 .text.calcCost
                0x00003720       0x98 ./Sources/measure.o
                0x00003720                calcCost
 .text.calcRMS  0x000037b8       0x80 ./Sources/measure.o
                0x000037b8                calcRMS
 .text.calcPowFact
                0x00003838       0x30 ./Sources/measure.o
                0x00003838                calcPowFact
 .text.calcFrequency
                0x00003868       0x70 ./Sources/measure.o
                0x00003868                calcFrequency
 .text.Measure_UpTimeFunction
                0x000038d8       0x3c ./Sources/measure.o
                0x000038d8                Measure_UpTimeFunction
 .text.Measure_PowerFunction
                0x00003914       0x24 ./Sources/measure.o
                0x00003914                Measure_PowerFunction
 .text.Measure_EnergyFunction
                0x00003938       0x24 ./Sources/measure.o
                0x00003938                Measure_EnergyFunction
 .text.Measure_CostFunction
                0x0000395c       0x24 ./Sources/measure.o
                0x0000395c                Measure_CostFunction
 .text.Measure_VoltRMSFunction
                0x00003980       0x24 ./Sources/measure.o
                0x00003980                Measure_VoltRMSFunction
 .text.Measure_AmpRMSFunction
                0x000039a4       0x24 ./Sources/measure.o
                0x000039a4                Measure_AmpRMSFunction
 .text.Measure_PowFactFunction
                0x000039c8       0x24 ./Sources/measure.o
                0x000039c8                Measure_PowFactFunction
 .text.Measure_FrequencyFunction
                0x000039ec       0x24 ./Sources/measure.o
                0x000039ec                Measure_FrequencyFunction
 .text.Packet_Init
                0x00003a10       0x2c ./Sources/packet.o
                0x00003a10                Packet_Init
 .text.Packet_Get
                0x00003a3c       0xe8 ./Sources/packet.o
                0x00003a3c                Packet_Get
 .text.Packet_Put
                0x00003b24       0x68 ./Sources/packet.o
                0x00003b24                Packet_Put
 .text.Calc_Checksum
                0x00003b8c       0x30 ./Sources/packet.o
 .text.Selftest_Init
                0x00003bbc       0x34 ./Sources/selftest.o
                0x00003bbc                Selftest_Init
 .text.Selftest_Start
                0x00003bf0       0x58 ./Sources/selftest.o
                0x00003bf0                Selftest_Start
 .text.Selftest_Wave
                0x00003c48       0x9c ./Sources/selftest.o
                0x00003c48                Selftest_Wave
 *fill*         0x00003ce4        0x4 
 .text.SelfTest_ClockTick
                0x00003ce8       0x38 ./Sources/selftest.o
                0x00003ce8                SelfTest_ClockTick
 .text.SelfTest_ChangeVoltMult
                0x00003d20       0x68 ./Sources/selftest.o
                0x00003d20                SelfTest_ChangeVoltMult
 .text.SelfTest_ChangeAmpMult
                0x00003d88       0x68 ./Sources/selftest.o
                0x00003d88                SelfTest_ChangeAmpMult
 .text.__copy_rom_section
                0x00003df0       0xe4 ./Project_Settings/Startup_Code/startup.o
                0x00003df0                __copy_rom_section
 .text.__copy_rom_sections_to_ram
                0x00003ed4       0x9c ./Project_Settings/Startup_Code/startup.o
                0x00003ed4                __copy_rom_sections_to_ram
 .text.__init_registers
                0x00003f70       0x20 ./Project_Settings/Startup_Code/startup.o
                0x00003f70                __init_registers
 .text.__init_user
                0x00003f90        0xc ./Project_Settings/Startup_Code/startup.o
                0x00003f90                __init_user
 .text.__thumb_startup
                0x00003f9c       0x34 ./Project_Settings/Startup_Code/startup.o
                0x00003f9c                __thumb_startup
 .text.Cpu_Interrupt
                0x00003fd0       0x18 ./Generated_Code/Cpu.o
                0x00003fd0                Cpu_Interrupt
 .text.__init_hardware
                0x00003fe8      0x1cc ./Generated_Code/Cpu.o
                0x00003fe8                __init_hardware
 .text.Cpu_SetBASEPRI
                0x000041b4       0x18 ./Generated_Code/Cpu.o
                0x000041b4                Cpu_SetBASEPRI
 .text.PE_low_level_init
                0x000041cc       0xe4 ./Generated_Code/Cpu.o
                0x000041cc                PE_low_level_init
 .text.OS_Init  0x000042b0      0x110 C:\Users\99141145\Documents\develop\Project-john\Library\libOS.a(OS.o)
                0x000042b0                OS_Init
 .text.OS_ISREnter
                0x000043c0       0x20 C:\Users\99141145\Documents\develop\Project-john\Library\libOS.a(OS.o)
                0x000043c0                OS_ISREnter
 .text.OS_ISRExit
                0x000043e0       0x1c C:\Users\99141145\Documents\develop\Project-john\Library\libOS.a(OS.o)
                0x000043e0                OS_ISRExit
 .text.OS_SemaphoreCreate
                0x000043fc       0x90 C:\Users\99141145\Documents\develop\Project-john\Library\libOS.a(OS.o)
                0x000043fc                OS_SemaphoreCreate
 .text.OS_SemaphoreSignal
                0x0000448c       0x44 C:\Users\99141145\Documents\develop\Project-john\Library\libOS.a(OS.o)
                0x0000448c                OS_SemaphoreSignal
 .text.OS_SemaphoreWait
                0x000044d0       0x58 C:\Users\99141145\Documents\develop\Project-john\Library\libOS.a(OS.o)
                0x000044d0                OS_SemaphoreWait
 .text.OS_Start
                0x00004528       0x10 C:\Users\99141145\Documents\develop\Project-john\Library\libOS.a(OS.o)
                0x00004528                OS_Start
 .text.OS_ThreadCreate
                0x00004538      0x160 C:\Users\99141145\Documents\develop\Project-john\Library\libOS.a(OS.o)
                0x00004538                OS_ThreadCreate
 .text.OS_ThreadDelete
                0x00004698      0x18c C:\Users\99141145\Documents\develop\Project-john\Library\libOS.a(OS.o)
                0x00004698                OS_ThreadDelete
 .text.EventThreadReady
                0x00004824       0x68 C:\Users\99141145\Documents\develop\Project-john\Library\libOS.a(OS.o)
 .text.EventThreadWait
                0x0000488c       0x64 C:\Users\99141145\Documents\develop\Project-john\Library\libOS.a(OS.o)
 .text.EventTimeout
                0x000048f0       0x40 C:\Users\99141145\Documents\develop\Project-john\Library\libOS.a(OS.o)
 .text.Idle     0x00004930       0x18 C:\Users\99141145\Documents\develop\Project-john\Library\libOS.a(OS.o)
 .text.FindFirstSet
                0x00004948       0x44 C:\Users\99141145\Documents\develop\Project-john\Library\libOS.a(OS.o)
 .text.Schedule
                0x0000498c       0x64 C:\Users\99141145\Documents\develop\Project-john\Library\libOS.a(OS.o)
 .text.TCBInit  0x000049f0       0xcc C:\Users\99141145\Documents\develop\Project-john\Library\libOS.a(OS.o)
 .text.TimeTick
                0x00004abc       0x74 C:\Users\99141145\Documents\develop\Project-john\Library\libOS.a(OS.o)
 .text.OS_ContextSwitchISR
                0x00004b30       0x70 C:\Users\99141145\Documents\develop\Project-john\Library\libOS.a(OS.o)
                0x00004b30                OS_ContextSwitchISR
 .text.OS_SysTickISR
                0x00004ba0       0x5c C:\Users\99141145\Documents\develop\Project-john\Library\libOS.a(OS.o)
                0x00004ba0                OS_SysTickISR
 .text.DACWrite
                0x00004bfc       0x6c C:\Users\99141145\Documents\develop\Project-john\Library\libAnalog.a(analog.o)
 .text.Analog_Init
                0x00004c68       0x7c C:\Users\99141145\Documents\develop\Project-john\Library\libAnalog.a(analog.o)
                0x00004c68                Analog_Init
 .text.Analog_Get
                0x00004ce4       0x78 C:\Users\99141145\Documents\develop\Project-john\Library\libAnalog.a(analog.o)
                0x00004ce4                Analog_Get
 .text.Analog_Put
                0x00004d5c       0x50 C:\Users\99141145\Documents\develop\Project-john\Library\libAnalog.a(analog.o)
                0x00004d5c                Analog_Put
 .text.InitChipSelectPins
                0x00004dac       0x6c C:\Users\99141145\Documents\develop\Project-john\Library\libAnalog.a(SPI.o)
 .text.SetupModuleConfigurationRegister
                0x00004e18      0x104 C:\Users\99141145\Documents\develop\Project-john\Library\libAnalog.a(SPI.o)
 .text.SetBaudRate
                0x00004f1c      0x15c C:\Users\99141145\Documents\develop\Project-john\Library\libAnalog.a(SPI.o)
 .text.SetDelayAfterTransfer
                0x00005078      0x168 C:\Users\99141145\Documents\develop\Project-john\Library\libAnalog.a(SPI.o)
 .text.SetupClockAndTransferAttributesRegister
                0x000051e0      0x16c C:\Users\99141145\Documents\develop\Project-john\Library\libAnalog.a(SPI.o)
 .text.SPI_Init
                0x0000534c       0x90 C:\Users\99141145\Documents\develop\Project-john\Library\libAnalog.a(SPI.o)
                0x0000534c                SPI_Init
 .text.SPI_SelectSlaveDevice
                0x000053dc       0x6c C:\Users\99141145\Documents\develop\Project-john\Library\libAnalog.a(SPI.o)
                0x000053dc                SPI_SelectSlaveDevice
 .text.SPI_Exchange
                0x00005448       0x94 C:\Users\99141145\Documents\develop\Project-john\Library\libAnalog.a(SPI.o)
                0x00005448                SPI_Exchange
 *fill*         0x000054dc        0x4 
 .text.ceil     0x000054e0      0x130 c:/freescale/kds_3.0.0/toolchain/bin/../lib/gcc/arm-none-eabi/4.8.4/../../../../arm-none-eabi/lib/armv7e-m/fpu\libm.a(lib_a-s_ceil.o)
                0x000054e0                ceil
 .text.floor    0x00005610      0x138 c:/freescale/kds_3.0.0/toolchain/bin/../lib/gcc/arm-none-eabi/4.8.4/../../../../arm-none-eabi/lib/armv7e-m/fpu\libm.a(lib_a-s_floor.o)
                0x00005610                floor
 .text.pow      0x00005748      0x340 c:/freescale/kds_3.0.0/toolchain/bin/../lib/gcc/arm-none-eabi/4.8.4/../../../../arm-none-eabi/lib/armv7e-m/fpu\libm.a(lib_a-w_pow.o)
                0x00005748                pow
 .text.sqrt     0x00005a88       0xbc c:/freescale/kds_3.0.0/toolchain/bin/../lib/gcc/arm-none-eabi/4.8.4/../../../../arm-none-eabi/lib/armv7e-m/fpu\libm.a(lib_a-w_sqrt.o)
                0x00005a88                sqrt
 *fill*         0x00005b44        0x4 
 .text.__ieee754_pow
                0x00005b48      0xae8 c:/freescale/kds_3.0.0/toolchain/bin/../lib/gcc/arm-none-eabi/4.8.4/../../../../arm-none-eabi/lib/armv7e-m/fpu\libm.a(lib_a-e_pow.o)
                0x00005b48                __ieee754_pow
 .text.__ieee754_sqrt
                0x00006630      0x198 c:/freescale/kds_3.0.0/toolchain/bin/../lib/gcc/arm-none-eabi/4.8.4/../../../../arm-none-eabi/lib/armv7e-m/fpu\libm.a(lib_a-e_sqrt.o)
                0x00006630                __ieee754_sqrt
 .text.fabs     0x000067c8       0x14 c:/freescale/kds_3.0.0/toolchain/bin/../lib/gcc/arm-none-eabi/4.8.4/../../../../arm-none-eabi/lib/armv7e-m/fpu\libm.a(lib_a-s_fabs.o)
                0x000067c8                fabs
 .text.finite   0x000067dc       0x10 c:/freescale/kds_3.0.0/toolchain/bin/../lib/gcc/arm-none-eabi/4.8.4/../../../../arm-none-eabi/lib/armv7e-m/fpu\libm.a(lib_a-s_finite.o)
                0x000067dc                finite
 .text.__fpclassifyd
                0x000067ec       0x54 c:/freescale/kds_3.0.0/toolchain/bin/../lib/gcc/arm-none-eabi/4.8.4/../../../../arm-none-eabi/lib/armv7e-m/fpu\libm.a(lib_a-s_fpclassify.o)
                0x000067ec                __fpclassifyd
 .text.matherr  0x00006840        0x4 c:/freescale/kds_3.0.0/toolchain/bin/../lib/gcc/arm-none-eabi/4.8.4/../../../../arm-none-eabi/lib/armv7e-m/fpu\libm.a(lib_a-s_matherr.o)
                0x00006840                matherr
 *fill*         0x00006844        0x4 
 .text.nan      0x00006848       0x10 c:/freescale/kds_3.0.0/toolchain/bin/../lib/gcc/arm-none-eabi/4.8.4/../../../../arm-none-eabi/lib/armv7e-m/fpu\libm.a(lib_a-s_nan.o)
                0x00006848                nan
 .text.rint     0x00006858      0x120 c:/freescale/kds_3.0.0/toolchain/bin/../lib/gcc/arm-none-eabi/4.8.4/../../../../arm-none-eabi/lib/armv7e-m/fpu\libm.a(lib_a-s_rint.o)
                0x00006858                rint
 .text.scalbn   0x00006978      0x120 c:/freescale/kds_3.0.0/toolchain/bin/../lib/gcc/arm-none-eabi/4.8.4/../../../../arm-none-eabi/lib/armv7e-m/fpu\libm.a(lib_a-s_scalbn.o)
                0x00006978                scalbn
 .text.copysign
                0x00006a98       0x24 c:/freescale/kds_3.0.0/toolchain/bin/../lib/gcc/arm-none-eabi/4.8.4/../../../../arm-none-eabi/lib/armv7e-m/fpu\libm.a(lib_a-s_copysign.o)
                0x00006a98                copysign
 .text.__errno  0x00006abc        0xc c:/freescale/kds_3.0.0/toolchain/bin/../lib/gcc/arm-none-eabi/4.8.4/../../../../arm-none-eabi/lib/armv7e-m/fpu\libg_s.a(lib_a-errno.o)
                0x00006abc                __errno
 .text.exit     0x00006ac8       0x28 c:/freescale/kds_3.0.0/toolchain/bin/../lib/gcc/arm-none-eabi/4.8.4/../../../../arm-none-eabi/lib/armv7e-m/fpu\libg_s.a(lib_a-exit.o)
                0x00006ac8                exit
 .text.__libc_init_array
                0x00006af0       0x4c c:/freescale/kds_3.0.0/toolchain/bin/../lib/gcc/arm-none-eabi/4.8.4/../../../../arm-none-eabi/lib/armv7e-m/fpu\libg_s.a(lib_a-init.o)
                0x00006af0                __libc_init_array
 .text.memcmp   0x00006b3c       0x1e c:/freescale/kds_3.0.0/toolchain/bin/../lib/gcc/arm-none-eabi/4.8.4/../../../../arm-none-eabi/lib/armv7e-m/fpu\libg_s.a(lib_a-memcmp.o)
                0x00006b3c                memcmp
 .text.memset   0x00006b5a       0x10 c:/freescale/kds_3.0.0/toolchain/bin/../lib/gcc/arm-none-eabi/4.8.4/../../../../arm-none-eabi/lib/armv7e-m/fpu\libg_s.a(lib_a-memset.o)
                0x00006b5a                memset
 *fill*         0x00006b6a        0x2 
 .text.sprintf  0x00006b6c       0x48 c:/freescale/kds_3.0.0/toolchain/bin/../lib/gcc/arm-none-eabi/4.8.4/../../../../arm-none-eabi/lib/armv7e-m/fpu\libg_s.a(lib_a-sprintf.o)
                0x00006b6c                siprintf
                0x00006b6c                sprintf
 .text.__ssputs_r
                0x00006bb4       0xb8 c:/freescale/kds_3.0.0/toolchain/bin/../lib/gcc/arm-none-eabi/4.8.4/../../../../arm-none-eabi/lib/armv7e-m/fpu\libg_s.a(lib_a-svfprintf.o)
                0x00006bb4                __ssputs_r
 .text._svfprintf_r
                0x00006c6c      0x1dc c:/freescale/kds_3.0.0/toolchain/bin/../lib/gcc/arm-none-eabi/4.8.4/../../../../arm-none-eabi/lib/armv7e-m/fpu\libg_s.a(lib_a-svfprintf.o)
                0x00006c6c                _svfiprintf_r
                0x00006c6c                _svfprintf_r
 .text._printf_common
                0x00006e48       0xe4 c:/freescale/kds_3.0.0/toolchain/bin/../lib/gcc/arm-none-eabi/4.8.4/../../../../arm-none-eabi/lib/armv7e-m/fpu\libg_s.a(lib_a-vfprintf_i.o)
                0x00006e48                _printf_common
 .text._printf_i
                0x00006f2c      0x228 c:/freescale/kds_3.0.0/toolchain/bin/../lib/gcc/arm-none-eabi/4.8.4/../../../../arm-none-eabi/lib/armv7e-m/fpu\libg_s.a(lib_a-vfprintf_i.o)
                0x00006f2c                _printf_i
 .text.memchr   0x00007154       0x1e c:/freescale/kds_3.0.0/toolchain/bin/../lib/gcc/arm-none-eabi/4.8.4/../../../../arm-none-eabi/lib/armv7e-m/fpu\libg_s.a(lib_a-memchr-stub.o)
                0x00007154                memchr
 .text.memcpy   0x00007172       0x12 c:/freescale/kds_3.0.0/toolchain/bin/../lib/gcc/arm-none-eabi/4.8.4/../../../../arm-none-eabi/lib/armv7e-m/fpu\libg_s.a(lib_a-memcpy-stub.o)
                0x00007172                memcpy
 .text.memmove  0x00007184       0x36 c:/freescale/kds_3.0.0/toolchain/bin/../lib/gcc/arm-none-eabi/4.8.4/../../../../arm-none-eabi/lib/armv7e-m/fpu\libg_s.a(lib_a-memmove.o)
                0x00007184                memmove
 *fill*         0x000071ba        0x2 
 .text._free_r  0x000071bc       0x88 c:/freescale/kds_3.0.0/toolchain/bin/../lib/gcc/arm-none-eabi/4.8.4/../../../../arm-none-eabi/lib/armv7e-m/fpu\libg_s.a(lib_a-nano-freer.o)
                0x000071bc                _free_r
 .text._malloc_r
                0x00007244       0xa8 c:/freescale/kds_3.0.0/toolchain/bin/../lib/gcc/arm-none-eabi/4.8.4/../../../../arm-none-eabi/lib/armv7e-m/fpu\libg_s.a(lib_a-nano-mallocr.o)
                0x00007244                _malloc_r
 .text._realloc_r
                0x000072ec       0x4c c:/freescale/kds_3.0.0/toolchain/bin/../lib/gcc/arm-none-eabi/4.8.4/../../../../arm-none-eabi/lib/armv7e-m/fpu\libg_s.a(lib_a-nano-reallocr.o)
                0x000072ec                _realloc_r
 .text._sbrk_r  0x00007338       0x20 c:/freescale/kds_3.0.0/toolchain/bin/../lib/gcc/arm-none-eabi/4.8.4/../../../../arm-none-eabi/lib/armv7e-m/fpu\libg_s.a(lib_a-sbrkr.o)
                0x00007338                _sbrk_r
 .text.strlen   0x00007358       0x10 c:/freescale/kds_3.0.0/toolchain/bin/../lib/gcc/arm-none-eabi/4.8.4/../../../../arm-none-eabi/lib/armv7e-m/fpu\libg_s.a(lib_a-strlen.o)
                0x00007358                strlen
 .text._malloc_usable_size_r
                0x00007368       0x12 c:/freescale/kds_3.0.0/toolchain/bin/../lib/gcc/arm-none-eabi/4.8.4/../../../../arm-none-eabi/lib/armv7e-m/fpu\libg_s.a(lib_a-nano-msizer.o)
                0x00007368                _malloc_usable_size_r
 *fill*         0x0000737a        0x2 
 .text._sbrk    0x0000737c       0x34 c:/freescale/kds_3.0.0/toolchain/bin/../lib/gcc/arm-none-eabi/4.8.4/../../../../arm-none-eabi/lib/armv7e-m/fpu\libnosys.a(sbrk.o)
                0x0000737c                _sbrk
 .text._exit    0x000073b0        0x4 c:/freescale/kds_3.0.0/toolchain/bin/../lib/gcc/arm-none-eabi/4.8.4/../../../../arm-none-eabi/lib/armv7e-m/fpu\libnosys.a(_exit.o)
                0x000073b0                _exit
 *(.rodata)
 .rodata        0x000073b4       0xc4 ./Sources/HMI.o
 .rodata        0x00007478        0x4 C:\Users\99141145\Documents\develop\Project-john\Library\libAnalog.a(analog.o)
 .rodata        0x0000747c       0xa0 C:\Users\99141145\Documents\develop\Project-john\Library\libAnalog.a(SPI.o)
 *(.rodata*)
 .rodata.OneSecTimer
                0x0000751c       0x10 ./Sources/main.o
 .rodata.TariffArray
                0x0000752c       0x14 ./Sources/measure.o
                0x0000752c                TariffArray
 .rodata.PACKET_ACK_MASK
                0x00007540        0x1 ./Sources/packet.o
                0x00007540                PACKET_ACK_MASK
 *fill*         0x00007541        0x3 
 .rodata.selftestarray
                0x00007544      0x200 ./Sources/selftest.o
                0x00007544                selftestarray
 .rodata.SPI_SETUP
                0x00007744       0x1c C:\Users\99141145\Documents\develop\Project-john\Library\libAnalog.a(analog.o)
 .rodata.str1.4
                0x00007760        0x4 c:/freescale/kds_3.0.0/toolchain/bin/../lib/gcc/arm-none-eabi/4.8.4/../../../../arm-none-eabi/lib/armv7e-m/fpu\libm.a(lib_a-w_pow.o)
 .rodata.str1.4
                0x00007764        0x5 c:/freescale/kds_3.0.0/toolchain/bin/../lib/gcc/arm-none-eabi/4.8.4/../../../../arm-none-eabi/lib/armv7e-m/fpu\libm.a(lib_a-w_sqrt.o)
                                  0x8 (size before relaxing)
 *fill*         0x00007769        0x7 
 .rodata.dp_h   0x00007770       0x10 c:/freescale/kds_3.0.0/toolchain/bin/../lib/gcc/arm-none-eabi/4.8.4/../../../../arm-none-eabi/lib/armv7e-m/fpu\libm.a(lib_a-e_pow.o)
 .rodata.dp_l   0x00007780       0x10 c:/freescale/kds_3.0.0/toolchain/bin/../lib/gcc/arm-none-eabi/4.8.4/../../../../arm-none-eabi/lib/armv7e-m/fpu\libm.a(lib_a-e_pow.o)
 .rodata.bp     0x00007790       0x10 c:/freescale/kds_3.0.0/toolchain/bin/../lib/gcc/arm-none-eabi/4.8.4/../../../../arm-none-eabi/lib/armv7e-m/fpu\libm.a(lib_a-e_pow.o)
 .rodata.str1.4
                0x00000000        0x8 c:/freescale/kds_3.0.0/toolchain/bin/../lib/gcc/arm-none-eabi/4.8.4/../../../../arm-none-eabi/lib/armv7e-m/fpu\libm.a(lib_a-e_pow.o)
                                  0x4 (size before relaxing)
 .rodata.TWO52  0x000077a0       0x10 c:/freescale/kds_3.0.0/toolchain/bin/../lib/gcc/arm-none-eabi/4.8.4/../../../../arm-none-eabi/lib/armv7e-m/fpu\libm.a(lib_a-s_rint.o)
 .rodata.str1.1
                0x000077b0        0x2 c:/freescale/kds_3.0.0/toolchain/bin/../lib/gcc/arm-none-eabi/4.8.4/../../../../arm-none-eabi/lib/armv7e-m/fpu\libg_s.a(lib_a-impure.o)
 *fill*         0x000077b2        0x2 
 .rodata._global_impure_ptr
                0x000077b4        0x4 c:/freescale/kds_3.0.0/toolchain/bin/../lib/gcc/arm-none-eabi/4.8.4/../../../../arm-none-eabi/lib/armv7e-m/fpu\libg_s.a(lib_a-impure.o)
                0x000077b4                _global_impure_ptr
 .rodata.str1.1
                0x000077b8       0x11 c:/freescale/kds_3.0.0/toolchain/bin/../lib/gcc/arm-none-eabi/4.8.4/../../../../arm-none-eabi/lib/armv7e-m/fpu\libg_s.a(lib_a-svfprintf.o)
 .rodata.str1.1
                0x000077c9       0x22 c:/freescale/kds_3.0.0/toolchain/bin/../lib/gcc/arm-none-eabi/4.8.4/../../../../arm-none-eabi/lib/armv7e-m/fpu\libg_s.a(lib_a-vfprintf_i.o)
 *(.glue_7)
 .glue_7        0x00000000        0x0 linker stubs
 *(.glue_7t)
 .glue_7t       0x00000000        0x0 linker stubs
 *(.eh_frame)
 *fill*         0x000077eb        0x1 
 .eh_frame      0x000077ec        0x0 c:/freescale/kds_3.0.0/toolchain/bin/../lib/gcc/arm-none-eabi/4.8.4/armv7e-m/fpu/crtbegin.o
 *(.init)
 .init          0x000077ec        0x4 c:/freescale/kds_3.0.0/toolchain/bin/../lib/gcc/arm-none-eabi/4.8.4/armv7e-m/fpu/crti.o
                0x000077ec                _init
 .init          0x000077f0        0x8 c:/freescale/kds_3.0.0/toolchain/bin/../lib/gcc/arm-none-eabi/4.8.4/armv7e-m/fpu/crtn.o
 *(.fini)
 .fini          0x000077f8        0x4 c:/freescale/kds_3.0.0/toolchain/bin/../lib/gcc/arm-none-eabi/4.8.4/armv7e-m/fpu/crti.o
                0x000077f8                _fini
 .fini          0x000077fc        0x8 c:/freescale/kds_3.0.0/toolchain/bin/../lib/gcc/arm-none-eabi/4.8.4/armv7e-m/fpu/crtn.o
                0x00007804                . = ALIGN (0x4)
                0x00007804                _etext = .

.vfp11_veneer   0x00007804        0x0
 .vfp11_veneer  0x00000000        0x0 linker stubs

.v4_bx          0x00007804        0x0
 .v4_bx         0x00000000        0x0 linker stubs

.iplt           0x00007804        0x0
 .iplt          0x00000000        0x0 c:/freescale/kds_3.0.0/toolchain/bin/../lib/gcc/arm-none-eabi/4.8.4/armv7e-m/fpu/crtbegin.o

.ARM.extab
 *(.ARM.extab* .gnu.linkonce.armextab.*)

.ARM            0x00007804        0x8
                0x00007804                __exidx_start = .
 *(.ARM.exidx*)
 .ARM.exidx     0x00007804        0x8 c:/freescale/kds_3.0.0/toolchain/bin/../lib/gcc/arm-none-eabi/4.8.4/../../../../arm-none-eabi/lib/armv7e-m/fpu/crt0.o
                0x0000780c                __exidx_end = .

.rel.dyn        0x0000780c        0x0
 .rel.iplt      0x00000000        0x0 c:/freescale/kds_3.0.0/toolchain/bin/../lib/gcc/arm-none-eabi/4.8.4/armv7e-m/fpu/crtbegin.o

.ctors          0x0000780c        0x0
                0x0000780c                __CTOR_LIST__ = .
 *crtbegin.o(.ctors)
 *(EXCLUDE_FILE(*crtend.o) .ctors)
 *(SORT(.ctors.*))
 *(.ctors)
                0x0000780c                __CTOR_END__ = .

.dtors          0x0000780c        0x0
                0x0000780c                __DTOR_LIST__ = .
 *crtbegin.o(.dtors)
 *(EXCLUDE_FILE(*crtend.o) .dtors)
 *(SORT(.dtors.*))
 *(.dtors)
                0x0000780c                __DTOR_END__ = .

.preinit_array  0x0000780c        0x0
                0x0000780c                PROVIDE (__preinit_array_start, .)
 *(.preinit_array*)
                0x0000780c                PROVIDE (__preinit_array_end, .)

.init_array     0x0000780c        0x4
                0x0000780c                PROVIDE (__init_array_start, .)
 *(SORT(.init_array.*))
 *(.init_array*)
 .init_array    0x0000780c        0x4 c:/freescale/kds_3.0.0/toolchain/bin/../lib/gcc/arm-none-eabi/4.8.4/armv7e-m/fpu/crtbegin.o
                0x00007810                PROVIDE (__init_array_end, .)

.fini_array     0x00007810        0x4
                0x00007810                PROVIDE (__fini_array_start, .)
 *(SORT(.fini_array.*))
 *(.fini_array*)
 .fini_array    0x00007810        0x4 c:/freescale/kds_3.0.0/toolchain/bin/../lib/gcc/arm-none-eabi/4.8.4/armv7e-m/fpu/crtbegin.o
                0x00007814                PROVIDE (__fini_array_end, .)
                0x00007814                ___ROM_AT = .

.data           0x1fff0000       0x6c load address 0x00007814
                0x1fff0000                . = ALIGN (0x4)
                0x1fff0000                _sdata = .
 *(.data)
 *(.data*)
 .data.displaytimer
                0x1fff0000        0x4 ./Sources/HMI.o
                0x1fff0000                displaytimer
 .data.__fdlib_version
                0x1fff0004        0x1 c:/freescale/kds_3.0.0/toolchain/bin/../lib/gcc/arm-none-eabi/4.8.4/../../../../arm-none-eabi/lib/armv7e-m/fpu\libm.a(lib_a-s_lib_ver.o)
                0x1fff0004                __fdlib_version
 *fill*         0x1fff0005        0x3 
 .data.impure_data
                0x1fff0008       0x60 c:/freescale/kds_3.0.0/toolchain/bin/../lib/gcc/arm-none-eabi/4.8.4/../../../../arm-none-eabi/lib/armv7e-m/fpu\libg_s.a(lib_a-impure.o)
 .data._impure_ptr
                0x1fff0068        0x4 c:/freescale/kds_3.0.0/toolchain/bin/../lib/gcc/arm-none-eabi/4.8.4/../../../../arm-none-eabi/lib/armv7e-m/fpu\libg_s.a(lib_a-impure.o)
                0x1fff0068                _impure_ptr
                0x1fff006c                . = ALIGN (0x4)
                0x1fff006c                _edata = .
                0x0000006c                ___data_size = (_edata - _sdata)
                0x00007880                ___m_data_20000000_ROMStart = (___ROM_AT + SIZEOF (.data))

.jcr            0x1fff006c        0x0 load address 0x00007880
 .jcr           0x1fff006c        0x0 c:/freescale/kds_3.0.0/toolchain/bin/../lib/gcc/arm-none-eabi/4.8.4/armv7e-m/fpu/crtbegin.o

.igot.plt       0x1fff006c        0x0 load address 0x00007880
 .igot.plt      0x00000000        0x0 c:/freescale/kds_3.0.0/toolchain/bin/../lib/gcc/arm-none-eabi/4.8.4/armv7e-m/fpu/crtbegin.o

.m_data_20000000
                0x20000000        0x0 load address 0x00007880
                0x20000000                . = ALIGN (0x4)
                0x20000000                ___m_data_20000000_RAMStart = .
 *(.m_data_20000000)
                0x20000000                ___m_data_20000000_RAMEnd = .
                0x20000000                . = ALIGN (0x4)
                0x00000000                ___m_data_20000000_ROMSize = (___m_data_20000000_RAMEnd - ___m_data_20000000_RAMStart)
                0x20000000                . = ALIGN (0x4)

.bss            0x1fff0070     0x32f0 load address 0x00007888
                0x1fff0070                __START_BSS = .
                0x1fff0070                PROVIDE (__bss_start__, __START_BSS)
 *(.bss)
 .bss           0x1fff0070       0x1c c:/freescale/kds_3.0.0/toolchain/bin/../lib/gcc/arm-none-eabi/4.8.4/armv7e-m/fpu/crtbegin.o
 *(.bss*)
 .bss.UserFunctions
                0x1fff008c       0x20 ./Sources/FTM.o
 .bss.UserArguments
                0x1fff00ac       0x20 ./Sources/FTM.o
 .bss.MemoryMap
                0x1fff00cc        0x8 ./Sources/Flash.o
 .bss.currentmode
                0x1fff00d4        0x4 ./Sources/HMI.o
 .bss.ModuleClk
                0x1fff00d8        0x4 ./Sources/PIT.o
 .bss.ClkPeriod
                0x1fff00dc        0x4 ./Sources/PIT.o
 .bss.UserFunction
                0x1fff00e0        0x4 ./Sources/PIT.o
 .bss.UserArguments
                0x1fff00e4        0x4 ./Sources/PIT.o
 .bss.UserFunction
                0x1fff00e8        0x4 ./Sources/RTC.o
 .bss.UserArguments
                0x1fff00ec        0x4 ./Sources/RTC.o
 .bss.RxFIFO    0x1fff00f0      0x114 ./Sources/UART.o
 .bss.TxFIFO    0x1fff0204      0x114 ./Sources/UART.o
 .bss.TempVar   0x1fff0318        0x1 ./Sources/UART.o
 *fill*         0x1fff0319        0x7 
 .bss.TowerInitThreadStack
                0x1fff0320      0x4b0 ./Sources/main.o
 .bss.MainThreadStack
                0x1fff07d0      0x4b0 ./Sources/main.o
 .bss.RTCThreadStack
                0x1fff0c80      0x4b0 ./Sources/main.o
 .bss.FTM0ThreadStack
                0x1fff1130      0x4b0 ./Sources/main.o
 .bss.TransmitThreadStack
                0x1fff15e0      0x4b0 ./Sources/main.o
 .bss.ReceiveThreadStack
                0x1fff1a90      0x7d0 ./Sources/main.o
 .bss.MeasureThreadStack
                0x1fff2260      0x4b0 ./Sources/main.o
 .bss.PacketState
                0x1fff2710        0x4 ./Sources/packet.o
 .bss.SR_lock   0x1fff2714        0x1 ./Generated_Code/Cpu.o
                0x1fff2714                SR_lock
 *fill*         0x1fff2715        0x3 
 .bss.TCBUnusedMain
                0x1fff2718       0x18 C:\Users\99141145\Documents\develop\Project-john\Library\libOS.a(OS.o)
 .bss.TCBTable  0x1fff2730      0x300 C:\Users\99141145\Documents\develop\Project-john\Library\libOS.a(OS.o)
 .bss.pTCBFreeList
                0x1fff2a30        0x4 C:\Users\99141145\Documents\develop\Project-john\Library\libOS.a(OS.o)
 .bss.pTCBAllocatedList
                0x1fff2a34        0x4 C:\Users\99141145\Documents\develop\Project-john\Library\libOS.a(OS.o)
 .bss.pTCBPriorityTable
                0x1fff2a38       0x80 C:\Users\99141145\Documents\develop\Project-john\Library\libOS.a(OS.o)
 .bss.pTCBRunning
                0x1fff2ab8        0x4 C:\Users\99141145\Documents\develop\Project-john\Library\libOS.a(OS.o)
 .bss.pTCBHighestReady
                0x1fff2abc        0x4 C:\Users\99141145\Documents\develop\Project-john\Library\libOS.a(OS.o)
 .bss.ReadyList
                0x1fff2ac0        0x4 C:\Users\99141145\Documents\develop\Project-john\Library\libOS.a(OS.o)
 .bss.ECBTable  0x1fff2ac4      0x100 C:\Users\99141145\Documents\develop\Project-john\Library\libOS.a(OS.o)
 .bss.NextECBFree
                0x1fff2bc4        0x1 C:\Users\99141145\Documents\develop\Project-john\Library\libOS.a(OS.o)
 *fill*         0x1fff2bc5        0x3 
 .bss.IdleCounter
                0x1fff2bc8        0x4 C:\Users\99141145\Documents\develop\Project-john\Library\libOS.a(OS.o)
 *fill*         0x1fff2bcc        0x4 
 .bss.IdleStack
                0x1fff2bd0      0x400 C:\Users\99141145\Documents\develop\Project-john\Library\libOS.a(OS.o)
 .bss.Ticks     0x1fff2fd0        0x4 C:\Users\99141145\Documents\develop\Project-john\Library\libOS.a(OS.o)
 .bss.ToggleCntr
                0x1fff2fd4        0x4 C:\Users\99141145\Documents\develop\Project-john\Library\libOS.a(OS.o)
 .bss.ToggleLED
                0x1fff2fd8        0x1 C:\Users\99141145\Documents\develop\Project-john\Library\libOS.a(OS.o)
 .bss.ISRNestLevel
                0x1fff2fd9        0x1 C:\Users\99141145\Documents\develop\Project-john\Library\libOS.a(OS.o)
 *fill*         0x1fff2fda        0x2 
 .bss.ADCCommandUnion
                0x1fff2fdc        0x4 C:\Users\99141145\Documents\develop\Project-john\Library\libAnalog.a(analog.o)
 .bss.__malloc_sbrk_start
                0x1fff2fe0        0x4 c:/freescale/kds_3.0.0/toolchain/bin/../lib/gcc/arm-none-eabi/4.8.4/../../../../arm-none-eabi/lib/armv7e-m/fpu\libg_s.a(lib_a-nano-mallocr.o)
                0x1fff2fe0                __malloc_sbrk_start
 .bss.__malloc_free_list
                0x1fff2fe4        0x4 c:/freescale/kds_3.0.0/toolchain/bin/../lib/gcc/arm-none-eabi/4.8.4/../../../../arm-none-eabi/lib/armv7e-m/fpu\libg_s.a(lib_a-nano-mallocr.o)
                0x1fff2fe4                __malloc_free_list
 .bss.heap_end.4246
                0x1fff2fe8        0x4 c:/freescale/kds_3.0.0/toolchain/bin/../lib/gcc/arm-none-eabi/4.8.4/../../../../arm-none-eabi/lib/armv7e-m/fpu\libnosys.a(sbrk.o)
 *(COMMON)
 COMMON         0x1fff2fec       0x20 ./Sources/FTM.o
                0x1fff2fec                FTMSemaphore
 COMMON         0x1fff300c       0x84 ./Sources/HMI.o
                0x1fff300c                voltage_array
                0x1fff304c                current_array
                0x1fff308c                HMISemaphore
 COMMON         0x1fff3090        0x4 ./Sources/LPT.o
                0x1fff3090                LPTSemaphore
 COMMON         0x1fff3094        0x4 ./Sources/PIT.o
                0x1fff3094                PITSemaphore
 COMMON         0x1fff3098        0x4 ./Sources/RTC.o
                0x1fff3098                RTCSemaphore
 COMMON         0x1fff309c        0x8 ./Sources/UART.o
                0x1fff309c                RxSemaphore
                0x1fff30a0                TxSemaphore
 COMMON         0x1fff30a4        0x8 ./Sources/main.o
                0x1fff30a4                TowerNumber
                0x1fff30a8                TowerMode
 *fill*         0x1fff30ac        0x4 
 COMMON         0x1fff30b0      0x280 ./Sources/measure.o
                0x1fff30b0                temp_values
                0x1fff32b4                Power_Buffer
                0x1fff32f8                MeasureSemaphore
                0x1fff3300                Measured_Values
                0x1fff3328                periodEnergy
                0x1fff332c                TariffIndexAddress
 COMMON         0x1fff3330        0xc ./Sources/packet.o
                0x1fff3330                Packet
                0x1fff3338                PacketSemaphore
 *fill*         0x1fff333c        0x4 
 COMMON         0x1fff3340       0x14 ./Sources/selftest.o
                0x1fff3340                testClock
                0x1fff3348                SelftestMode
                0x1fff334c                currentmult
                0x1fff3350                voltagemult
 COMMON         0x1fff3354        0x1 ./Generated_Code/Cpu.o
                0x1fff3354                SR_reg
 *fill*         0x1fff3355        0x3 
 COMMON         0x1fff3358        0x4 C:\Users\99141145\Documents\develop\Project-john\Library\libAnalog.a(analog.o)
                0x1fff3358                DACInput
 COMMON         0x1fff335c        0x4 c:/freescale/kds_3.0.0/toolchain/bin/../lib/gcc/arm-none-eabi/4.8.4/../../../../arm-none-eabi/lib/armv7e-m/fpu\libg_s.a(lib_a-reent.o)
                0x1fff335c                errno
                0x1fff3360                . = ALIGN (0x4)
                0x1fff3360                __END_BSS = .
                0x1fff3360                PROVIDE (__bss_end__, __END_BSS)
                0x00007880                _romp_at = ((___ROM_AT + SIZEOF (.data)) + SIZEOF (.m_data_20000000))

.romp           0x1fff3360       0x24 load address 0x00007880
                0x00007880                __S_romp = _romp_at
                0x1fff3360        0x4 LONG 0x7814 ___ROM_AT
                0x1fff3364        0x4 LONG 0x1fff0000 _sdata
                0x1fff3368        0x4 LONG 0x6c ___data_size
                0x1fff336c        0x4 LONG 0x7880 ___m_data_20000000_ROMStart
                0x1fff3370        0x4 LONG 0x20000000 ___m_data_20000000_RAMStart
                0x1fff3374        0x4 LONG 0x0 ___m_data_20000000_ROMSize
                0x1fff3378        0x4 LONG 0x0
                0x1fff337c        0x4 LONG 0x0
                0x1fff3380        0x4 LONG 0x0

._user_heap_stack
                0x1fff3384      0x400 load address 0x000078a4
                0x1fff3384                . = ALIGN (0x4)
                0x1fff3384                PROVIDE (end, .)
                0x1fff3384                PROVIDE (_end, .)
                0x1fff3384                __heap_addr = .
                0x1fff3384                __HeapBase = .
                0x1fff3384                . = (. + __heap_size)
                0x1fff3384                __HeapLimit = .
                0x1fff3784                . = (. + __stack_size)
 *fill*         0x1fff3384      0x400 
                0x1fff3784                . = ALIGN (0x4)

.ARM.attributes
                0x00000000       0x30
 *(.ARM.attributes)
 .ARM.attributes
                0x00000000       0x22 c:/freescale/kds_3.0.0/toolchain/bin/../lib/gcc/arm-none-eabi/4.8.4/armv7e-m/fpu/crti.o
 .ARM.attributes
                0x00000022       0x34 c:/freescale/kds_3.0.0/toolchain/bin/../lib/gcc/arm-none-eabi/4.8.4/armv7e-m/fpu/crtbegin.o
 .ARM.attributes
                0x00000056       0x20 c:/freescale/kds_3.0.0/toolchain/bin/../lib/gcc/arm-none-eabi/4.8.4/../../../../arm-none-eabi/lib/armv7e-m/fpu/crt0.o
 .ARM.attributes
                0x00000076       0x39 ./Sources/FIFO.o
 .ARM.attributes
                0x000000af       0x39 ./Sources/FTM.o
 .ARM.attributes
                0x000000e8       0x39 ./Sources/Flash.o
 .ARM.attributes
                0x00000121       0x39 ./Sources/HMI.o
 .ARM.attributes
                0x0000015a       0x39 ./Sources/LED.o
 .ARM.attributes
                0x00000193       0x39 ./Sources/LPT.o
 .ARM.attributes
                0x000001cc       0x39 ./Sources/PIT.o
 .ARM.attributes
                0x00000205       0x39 ./Sources/RTC.o
 .ARM.attributes
                0x0000023e       0x39 ./Sources/UART.o
 .ARM.attributes
                0x00000277       0x39 ./Sources/main.o
 .ARM.attributes
                0x000002b0       0x39 ./Sources/measure.o
 .ARM.attributes
                0x000002e9       0x39 ./Sources/packet.o
 .ARM.attributes
                0x00000322       0x39 ./Sources/selftest.o
 .ARM.attributes
                0x0000035b       0x39 ./Project_Settings/Startup_Code/startup.o
 .ARM.attributes
                0x00000394       0x39 ./Generated_Code/Cpu.o
 .ARM.attributes
                0x000003cd       0x39 ./Generated_Code/Vectors.o
 .ARM.attributes
                0x00000406       0x39 C:\Users\99141145\Documents\develop\Project-john\Library\libOS.a(OS.o)
 .ARM.attributes
                0x0000043f       0x39 C:\Users\99141145\Documents\develop\Project-john\Library\libAnalog.a(analog.o)
 .ARM.attributes
                0x00000478       0x39 C:\Users\99141145\Documents\develop\Project-john\Library\libAnalog.a(SPI.o)
 .ARM.attributes
                0x000004b1       0x34 c:/freescale/kds_3.0.0/toolchain/bin/../lib/gcc/arm-none-eabi/4.8.4/../../../../arm-none-eabi/lib/armv7e-m/fpu\libm.a(lib_a-s_ceil.o)
 .ARM.attributes
                0x000004e5       0x34 c:/freescale/kds_3.0.0/toolchain/bin/../lib/gcc/arm-none-eabi/4.8.4/../../../../arm-none-eabi/lib/armv7e-m/fpu\libm.a(lib_a-s_floor.o)
 .ARM.attributes
                0x00000519       0x34 c:/freescale/kds_3.0.0/toolchain/bin/../lib/gcc/arm-none-eabi/4.8.4/../../../../arm-none-eabi/lib/armv7e-m/fpu\libm.a(lib_a-w_pow.o)
 .ARM.attributes
                0x0000054d       0x34 c:/freescale/kds_3.0.0/toolchain/bin/../lib/gcc/arm-none-eabi/4.8.4/../../../../arm-none-eabi/lib/armv7e-m/fpu\libm.a(lib_a-w_sqrt.o)
 .ARM.attributes
                0x00000581       0x34 c:/freescale/kds_3.0.0/toolchain/bin/../lib/gcc/arm-none-eabi/4.8.4/../../../../arm-none-eabi/lib/armv7e-m/fpu\libm.a(lib_a-e_pow.o)
 .ARM.attributes
                0x000005b5       0x34 c:/freescale/kds_3.0.0/toolchain/bin/../lib/gcc/arm-none-eabi/4.8.4/../../../../arm-none-eabi/lib/armv7e-m/fpu\libm.a(lib_a-e_sqrt.o)
 .ARM.attributes
                0x000005e9       0x34 c:/freescale/kds_3.0.0/toolchain/bin/../lib/gcc/arm-none-eabi/4.8.4/../../../../arm-none-eabi/lib/armv7e-m/fpu\libm.a(lib_a-s_fabs.o)
 .ARM.attributes
                0x0000061d       0x34 c:/freescale/kds_3.0.0/toolchain/bin/../lib/gcc/arm-none-eabi/4.8.4/../../../../arm-none-eabi/lib/armv7e-m/fpu\libm.a(lib_a-s_finite.o)
 .ARM.attributes
                0x00000651       0x34 c:/freescale/kds_3.0.0/toolchain/bin/../lib/gcc/arm-none-eabi/4.8.4/../../../../arm-none-eabi/lib/armv7e-m/fpu\libm.a(lib_a-s_fpclassify.o)
 .ARM.attributes
                0x00000685       0x34 c:/freescale/kds_3.0.0/toolchain/bin/../lib/gcc/arm-none-eabi/4.8.4/../../../../arm-none-eabi/lib/armv7e-m/fpu\libm.a(lib_a-s_lib_ver.o)
 .ARM.attributes
                0x000006b9       0x34 c:/freescale/kds_3.0.0/toolchain/bin/../lib/gcc/arm-none-eabi/4.8.4/../../../../arm-none-eabi/lib/armv7e-m/fpu\libm.a(lib_a-s_matherr.o)
 .ARM.attributes
                0x000006ed       0x34 c:/freescale/kds_3.0.0/toolchain/bin/../lib/gcc/arm-none-eabi/4.8.4/../../../../arm-none-eabi/lib/armv7e-m/fpu\libm.a(lib_a-s_nan.o)
 .ARM.attributes
                0x00000721       0x34 c:/freescale/kds_3.0.0/toolchain/bin/../lib/gcc/arm-none-eabi/4.8.4/../../../../arm-none-eabi/lib/armv7e-m/fpu\libm.a(lib_a-s_rint.o)
 .ARM.attributes
                0x00000755       0x34 c:/freescale/kds_3.0.0/toolchain/bin/../lib/gcc/arm-none-eabi/4.8.4/../../../../arm-none-eabi/lib/armv7e-m/fpu\libm.a(lib_a-s_scalbn.o)
 .ARM.attributes
                0x00000789       0x34 c:/freescale/kds_3.0.0/toolchain/bin/../lib/gcc/arm-none-eabi/4.8.4/../../../../arm-none-eabi/lib/armv7e-m/fpu\libm.a(lib_a-s_copysign.o)
 .ARM.attributes
                0x000007bd       0x22 c:/freescale/kds_3.0.0/toolchain/bin/../lib/gcc/arm-none-eabi/4.8.4/armv7e-m/fpu\libgcc.a(_arm_addsubdf3.o)
 .ARM.attributes
                0x000007df       0x22 c:/freescale/kds_3.0.0/toolchain/bin/../lib/gcc/arm-none-eabi/4.8.4/armv7e-m/fpu\libgcc.a(_arm_muldivdf3.o)
 .ARM.attributes
                0x00000801       0x22 c:/freescale/kds_3.0.0/toolchain/bin/../lib/gcc/arm-none-eabi/4.8.4/armv7e-m/fpu\libgcc.a(_arm_cmpdf2.o)
 .ARM.attributes
                0x00000823       0x22 c:/freescale/kds_3.0.0/toolchain/bin/../lib/gcc/arm-none-eabi/4.8.4/armv7e-m/fpu\libgcc.a(_arm_fixdfsi.o)
 .ARM.attributes
                0x00000845       0x22 c:/freescale/kds_3.0.0/toolchain/bin/../lib/gcc/arm-none-eabi/4.8.4/armv7e-m/fpu\libgcc.a(_arm_fixunsdfsi.o)
 .ARM.attributes
                0x00000867       0x22 c:/freescale/kds_3.0.0/toolchain/bin/../lib/gcc/arm-none-eabi/4.8.4/armv7e-m/fpu\libgcc.a(_arm_truncdfsf2.o)
 .ARM.attributes
                0x00000889       0x34 c:/freescale/kds_3.0.0/toolchain/bin/../lib/gcc/arm-none-eabi/4.8.4/../../../../arm-none-eabi/lib/armv7e-m/fpu\libg_s.a(lib_a-errno.o)
 .ARM.attributes
                0x000008bd       0x34 c:/freescale/kds_3.0.0/toolchain/bin/../lib/gcc/arm-none-eabi/4.8.4/../../../../arm-none-eabi/lib/armv7e-m/fpu\libg_s.a(lib_a-exit.o)
 .ARM.attributes
                0x000008f1       0x34 c:/freescale/kds_3.0.0/toolchain/bin/../lib/gcc/arm-none-eabi/4.8.4/../../../../arm-none-eabi/lib/armv7e-m/fpu\libg_s.a(lib_a-impure.o)
 .ARM.attributes
                0x00000925       0x34 c:/freescale/kds_3.0.0/toolchain/bin/../lib/gcc/arm-none-eabi/4.8.4/../../../../arm-none-eabi/lib/armv7e-m/fpu\libg_s.a(lib_a-init.o)
 .ARM.attributes
                0x00000959       0x34 c:/freescale/kds_3.0.0/toolchain/bin/../lib/gcc/arm-none-eabi/4.8.4/../../../../arm-none-eabi/lib/armv7e-m/fpu\libg_s.a(lib_a-memcmp.o)
 .ARM.attributes
                0x0000098d       0x34 c:/freescale/kds_3.0.0/toolchain/bin/../lib/gcc/arm-none-eabi/4.8.4/../../../../arm-none-eabi/lib/armv7e-m/fpu\libg_s.a(lib_a-memset.o)
 .ARM.attributes
                0x000009c1       0x34 c:/freescale/kds_3.0.0/toolchain/bin/../lib/gcc/arm-none-eabi/4.8.4/../../../../arm-none-eabi/lib/armv7e-m/fpu\libg_s.a(lib_a-sprintf.o)
 .ARM.attributes
                0x000009f5       0x34 c:/freescale/kds_3.0.0/toolchain/bin/../lib/gcc/arm-none-eabi/4.8.4/../../../../arm-none-eabi/lib/armv7e-m/fpu\libg_s.a(lib_a-svfprintf.o)
 .ARM.attributes
                0x00000a29       0x34 c:/freescale/kds_3.0.0/toolchain/bin/../lib/gcc/arm-none-eabi/4.8.4/../../../../arm-none-eabi/lib/armv7e-m/fpu\libg_s.a(lib_a-vfprintf_i.o)
 .ARM.attributes
                0x00000a5d       0x34 c:/freescale/kds_3.0.0/toolchain/bin/../lib/gcc/arm-none-eabi/4.8.4/../../../../arm-none-eabi/lib/armv7e-m/fpu\libg_s.a(lib_a-memchr-stub.o)
 .ARM.attributes
                0x00000a91       0x34 c:/freescale/kds_3.0.0/toolchain/bin/../lib/gcc/arm-none-eabi/4.8.4/../../../../arm-none-eabi/lib/armv7e-m/fpu\libg_s.a(lib_a-memcpy-stub.o)
 .ARM.attributes
                0x00000ac5       0x34 c:/freescale/kds_3.0.0/toolchain/bin/../lib/gcc/arm-none-eabi/4.8.4/../../../../arm-none-eabi/lib/armv7e-m/fpu\libg_s.a(lib_a-memmove.o)
 .ARM.attributes
                0x00000af9       0x34 c:/freescale/kds_3.0.0/toolchain/bin/../lib/gcc/arm-none-eabi/4.8.4/../../../../arm-none-eabi/lib/armv7e-m/fpu\libg_s.a(lib_a-nano-freer.o)
 .ARM.attributes
                0x00000b2d       0x34 c:/freescale/kds_3.0.0/toolchain/bin/../lib/gcc/arm-none-eabi/4.8.4/../../../../arm-none-eabi/lib/armv7e-m/fpu\libg_s.a(lib_a-nano-mallocr.o)
 .ARM.attributes
                0x00000b61       0x34 c:/freescale/kds_3.0.0/toolchain/bin/../lib/gcc/arm-none-eabi/4.8.4/../../../../arm-none-eabi/lib/armv7e-m/fpu\libg_s.a(lib_a-nano-reallocr.o)
 .ARM.attributes
                0x00000b95       0x34 c:/freescale/kds_3.0.0/toolchain/bin/../lib/gcc/arm-none-eabi/4.8.4/../../../../arm-none-eabi/lib/armv7e-m/fpu\libg_s.a(lib_a-sbrkr.o)
 .ARM.attributes
                0x00000bc9       0x34 c:/freescale/kds_3.0.0/toolchain/bin/../lib/gcc/arm-none-eabi/4.8.4/../../../../arm-none-eabi/lib/armv7e-m/fpu\libg_s.a(lib_a-strlen.o)
 .ARM.attributes
                0x00000bfd       0x34 c:/freescale/kds_3.0.0/toolchain/bin/../lib/gcc/arm-none-eabi/4.8.4/../../../../arm-none-eabi/lib/armv7e-m/fpu\libg_s.a(lib_a-nano-msizer.o)
 .ARM.attributes
                0x00000c31       0x34 c:/freescale/kds_3.0.0/toolchain/bin/../lib/gcc/arm-none-eabi/4.8.4/../../../../arm-none-eabi/lib/armv7e-m/fpu\libg_s.a(lib_a-reent.o)
 .ARM.attributes
                0x00000c65       0x34 c:/freescale/kds_3.0.0/toolchain/bin/../lib/gcc/arm-none-eabi/4.8.4/../../../../arm-none-eabi/lib/armv7e-m/fpu\libnosys.a(sbrk.o)
 .ARM.attributes
                0x00000c99       0x34 c:/freescale/kds_3.0.0/toolchain/bin/../lib/gcc/arm-none-eabi/4.8.4/../../../../arm-none-eabi/lib/armv7e-m/fpu\libnosys.a(_exit.o)
 .ARM.attributes
                0x00000ccd       0x22 c:/freescale/kds_3.0.0/toolchain/bin/../lib/gcc/arm-none-eabi/4.8.4/armv7e-m/fpu/crtn.o
OUTPUT(Project.elf elf32-littlearm)

.debug_info     0x00000000     0x8167
 .debug_info    0x00000000      0x230 ./Sources/FIFO.o
 .debug_info    0x00000230      0x7f7 ./Sources/FTM.o
 .debug_info    0x00000a27      0x791 ./Sources/Flash.o
 .debug_info    0x000011b8      0x6b9 ./Sources/HMI.o
 .debug_info    0x00001871      0x490 ./Sources/LED.o
 .debug_info    0x00001d01      0x4b5 ./Sources/LPT.o
 .debug_info    0x000021b6      0x5e0 ./Sources/PIT.o
 .debug_info    0x00002796      0x7a1 ./Sources/RTC.o
 .debug_info    0x00002f37      0xa79 ./Sources/UART.o
 .debug_info    0x000039b0      0xd37 ./Sources/main.o
 .debug_info    0x000046e7      0x77e ./Sources/measure.o
 .debug_info    0x00004e65      0x36f ./Sources/packet.o
 .debug_info    0x000051d4      0x27f ./Sources/selftest.o
 .debug_info    0x00005453      0x3b0 ./Project_Settings/Startup_Code/startup.o
 .debug_info    0x00005803      0xc82 ./Generated_Code/Cpu.o
 .debug_info    0x00006485      0x116 ./Generated_Code/Vectors.o
 .debug_info    0x0000659b      0xd02 C:\Users\99141145\Documents\develop\Project-john\Library\libOS.a(OS.o)
 .debug_info    0x0000729d      0x46a C:\Users\99141145\Documents\develop\Project-john\Library\libAnalog.a(analog.o)
 .debug_info    0x00007707      0xa60 C:\Users\99141145\Documents\develop\Project-john\Library\libAnalog.a(SPI.o)

.debug_abbrev   0x00000000     0x1e9e
 .debug_abbrev  0x00000000       0xf1 ./Sources/FIFO.o
 .debug_abbrev  0x000000f1      0x1e9 ./Sources/FTM.o
 .debug_abbrev  0x000002da      0x1e6 ./Sources/Flash.o
 .debug_abbrev  0x000004c0      0x1ad ./Sources/HMI.o
 .debug_abbrev  0x0000066d      0x144 ./Sources/LED.o
 .debug_abbrev  0x000007b1      0x143 ./Sources/LPT.o
 .debug_abbrev  0x000008f4      0x19d ./Sources/PIT.o
 .debug_abbrev  0x00000a91      0x1a8 ./Sources/RTC.o
 .debug_abbrev  0x00000c39      0x21e ./Sources/UART.o
 .debug_abbrev  0x00000e57      0x21e ./Sources/main.o
 .debug_abbrev  0x00001075      0x218 ./Sources/measure.o
 .debug_abbrev  0x0000128d      0x129 ./Sources/packet.o
 .debug_abbrev  0x000013b6      0x118 ./Sources/selftest.o
 .debug_abbrev  0x000014ce      0x189 ./Project_Settings/Startup_Code/startup.o
 .debug_abbrev  0x00001657      0x185 ./Generated_Code/Cpu.o
 .debug_abbrev  0x000017dc       0xa4 ./Generated_Code/Vectors.o
 .debug_abbrev  0x00001880      0x2f8 C:\Users\99141145\Documents\develop\Project-john\Library\libOS.a(OS.o)
 .debug_abbrev  0x00001b78      0x151 C:\Users\99141145\Documents\develop\Project-john\Library\libAnalog.a(analog.o)
 .debug_abbrev  0x00001cc9      0x1d5 C:\Users\99141145\Documents\develop\Project-john\Library\libAnalog.a(SPI.o)

.debug_aranges  0x00000000      0x6a0
 .debug_aranges
                0x00000000       0x30 ./Sources/FIFO.o
 .debug_aranges
                0x00000030       0x38 ./Sources/FTM.o
 .debug_aranges
                0x00000068       0x70 ./Sources/Flash.o
 .debug_aranges
                0x000000d8       0x48 ./Sources/HMI.o
 .debug_aranges
                0x00000120       0x38 ./Sources/LED.o
 .debug_aranges
                0x00000158       0x28 ./Sources/LPT.o
 .debug_aranges
                0x00000180       0x38 ./Sources/PIT.o
 .debug_aranges
                0x000001b8       0x48 ./Sources/RTC.o
 .debug_aranges
                0x00000200       0x58 ./Sources/UART.o
 .debug_aranges
                0x00000258       0xf8 ./Sources/main.o
 .debug_aranges
                0x00000350       0xd8 ./Sources/measure.o
 .debug_aranges
                0x00000428       0x38 ./Sources/packet.o
 .debug_aranges
                0x00000460       0x48 ./Sources/selftest.o
 .debug_aranges
                0x000004a8       0x50 ./Project_Settings/Startup_Code/startup.o
 .debug_aranges
                0x000004f8       0x38 ./Generated_Code/Cpu.o
 .debug_aranges
                0x00000530       0x18 ./Generated_Code/Vectors.o
 .debug_aranges
                0x00000548       0xc8 C:\Users\99141145\Documents\develop\Project-john\Library\libOS.a(OS.o)
 .debug_aranges
                0x00000610       0x38 C:\Users\99141145\Documents\develop\Project-john\Library\libAnalog.a(analog.o)
 .debug_aranges
                0x00000648       0x58 C:\Users\99141145\Documents\develop\Project-john\Library\libAnalog.a(SPI.o)

.debug_ranges   0x00000000      0x568
 .debug_ranges  0x00000000       0x20 ./Sources/FIFO.o
 .debug_ranges  0x00000020       0x28 ./Sources/FTM.o
 .debug_ranges  0x00000048       0x60 ./Sources/Flash.o
 .debug_ranges  0x000000a8       0x38 ./Sources/HMI.o
 .debug_ranges  0x000000e0       0x28 ./Sources/LED.o
 .debug_ranges  0x00000108       0x18 ./Sources/LPT.o
 .debug_ranges  0x00000120       0x28 ./Sources/PIT.o
 .debug_ranges  0x00000148       0x38 ./Sources/RTC.o
 .debug_ranges  0x00000180       0x48 ./Sources/UART.o
 .debug_ranges  0x000001c8       0xe8 ./Sources/main.o
 .debug_ranges  0x000002b0       0xc8 ./Sources/measure.o
 .debug_ranges  0x00000378       0x28 ./Sources/packet.o
 .debug_ranges  0x000003a0       0x38 ./Sources/selftest.o
 .debug_ranges  0x000003d8       0x40 ./Project_Settings/Startup_Code/startup.o
 .debug_ranges  0x00000418       0x28 ./Generated_Code/Cpu.o
 .debug_ranges  0x00000440       0xb8 C:\Users\99141145\Documents\develop\Project-john\Library\libOS.a(OS.o)
 .debug_ranges  0x000004f8       0x28 C:\Users\99141145\Documents\develop\Project-john\Library\libAnalog.a(analog.o)
 .debug_ranges  0x00000520       0x48 C:\Users\99141145\Documents\develop\Project-john\Library\libAnalog.a(SPI.o)

.debug_macro    0x00000000    0x1c881
 .debug_macro   0x00000000       0xab ./Sources/FIFO.o
 .debug_macro   0x000000ab       0x22 ./Sources/FIFO.o
 .debug_macro   0x000000cd       0x36 ./Sources/FIFO.o
 .debug_macro   0x00000103     0x1800 ./Sources/FIFO.o
 .debug_macro   0x00001903       0xbd ./Sources/FTM.o
 .debug_macro   0x000019c0       0x9a ./Sources/FTM.o
 .debug_macro   0x00001a5a      0x115 ./Sources/Flash.o
 .debug_macro   0x00001b6f       0x4c ./Sources/Flash.o
 .debug_macro   0x00001bbb       0x58 ./Sources/Flash.o
 .debug_macro   0x00001c13       0x35 ./Sources/Flash.o
 .debug_macro   0x00001c48       0xa3 ./Sources/Flash.o
 .debug_macro   0x00001ceb      0x166 ./Sources/Flash.o
 .debug_macro   0x00001e51       0x52 ./Sources/Flash.o
 .debug_macro   0x00001ea3       0x16 ./Sources/Flash.o
 .debug_macro   0x00001eb9       0x43 ./Sources/Flash.o
 .debug_macro   0x00001efc      0x180 ./Sources/Flash.o
 .debug_macro   0x0000207c      0x2a6 ./Sources/Flash.o
 .debug_macro   0x00002322       0x10 ./Sources/Flash.o
 .debug_macro   0x00002332       0x35 ./Sources/Flash.o
 .debug_macro   0x00002367      0x1af ./Sources/HMI.o
 .debug_macro   0x00002516       0x10 ./Sources/HMI.o
 .debug_macro   0x00002526       0x3a ./Sources/HMI.o
 .debug_macro   0x00002560       0x10 ./Sources/HMI.o
 .debug_macro   0x00002570       0x16 ./Sources/HMI.o
 .debug_macro   0x00002586       0x97 ./Sources/HMI.o
 .debug_macro   0x0000261d       0x10 ./Sources/HMI.o
 .debug_macro   0x0000262d       0xef ./Sources/HMI.o
 .debug_macro   0x0000271c       0x10 ./Sources/HMI.o
 .debug_macro   0x0000272c       0x22 ./Sources/HMI.o
 .debug_macro   0x0000274e       0xbd ./Sources/HMI.o
 .debug_macro   0x0000280b       0x16 ./Sources/HMI.o
 .debug_macro   0x00002821      0x14a ./Sources/HMI.o
 .debug_macro   0x0000296b       0xde ./Sources/HMI.o
 .debug_macro   0x00002a49       0x68 ./Sources/LED.o
 .debug_macro   0x00002ab1       0x68 ./Sources/LPT.o
 .debug_macro   0x00002b19       0x16 ./Sources/LPT.o
 .debug_macro   0x00002b2f    0x174af ./Sources/LPT.o
 .debug_macro   0x00019fde       0x30 ./Sources/LPT.o
 .debug_macro   0x0001a00e       0x71 ./Sources/PIT.o
 .debug_macro   0x0001a07f      0x142 ./Sources/RTC.o
 .debug_macro   0x0001a1c1     0x17fa ./Sources/RTC.o
 .debug_macro   0x0001b9bb      0x156 ./Sources/UART.o
 .debug_macro   0x0001bb11      0x1d9 ./Sources/main.o
 .debug_macro   0x0001bcea       0x52 ./Sources/main.o
 .debug_macro   0x0001bd3c       0x10 ./Sources/main.o
 .debug_macro   0x0001bd4c      0x138 ./Sources/measure.o
 .debug_macro   0x0001be84       0x34 ./Sources/measure.o
 .debug_macro   0x0001beb8       0x80 ./Sources/packet.o
 .debug_macro   0x0001bf38       0x9e ./Sources/selftest.o
 .debug_macro   0x0001bfd6      0x121 ./Project_Settings/Startup_Code/startup.o
 .debug_macro   0x0001c0f7       0x4a ./Project_Settings/Startup_Code/startup.o
 .debug_macro   0x0001c141       0x16 ./Project_Settings/Startup_Code/startup.o
 .debug_macro   0x0001c157       0x22 ./Project_Settings/Startup_Code/startup.o
 .debug_macro   0x0001c179      0x20f ./Project_Settings/Startup_Code/startup.o
 .debug_macro   0x0001c388       0x9f ./Generated_Code/Cpu.o
 .debug_macro   0x0001c427       0xa0 ./Generated_Code/Cpu.o
 .debug_macro   0x0001c4c7       0xe0 ./Generated_Code/Vectors.o
 .debug_macro   0x0001c5a7       0x36 ./Generated_Code/Vectors.o
 .debug_macro   0x0001c5dd       0xa3 C:\Users\99141145\Documents\develop\Project-john\Library\libOS.a(OS.o)
 .debug_macro   0x0001c680       0x94 C:\Users\99141145\Documents\develop\Project-john\Library\libOS.a(OS.o)
 .debug_macro   0x0001c714       0xf5 C:\Users\99141145\Documents\develop\Project-john\Library\libAnalog.a(analog.o)
 .debug_macro   0x0001c809       0x10 C:\Users\99141145\Documents\develop\Project-john\Library\libAnalog.a(analog.o)
 .debug_macro   0x0001c819       0x68 C:\Users\99141145\Documents\develop\Project-john\Library\libAnalog.a(SPI.o)

.debug_line     0x00000000     0x415f
 .debug_line    0x00000000      0x2e4 ./Sources/FIFO.o
 .debug_line    0x000002e4      0x360 ./Sources/FTM.o
 .debug_line    0x00000644      0x40f ./Sources/Flash.o
 .debug_line    0x00000a53      0x3d8 ./Sources/HMI.o
 .debug_line    0x00000e2b      0x220 ./Sources/LED.o
 .debug_line    0x0000104b      0x230 ./Sources/LPT.o
 .debug_line    0x0000127b      0x24e ./Sources/PIT.o
 .debug_line    0x000014c9      0x3d2 ./Sources/RTC.o
 .debug_line    0x0000189b      0x41a ./Sources/UART.o
 .debug_line    0x00001cb5      0x6eb ./Sources/main.o
 .debug_line    0x000023a0      0x506 ./Sources/measure.o
 .debug_line    0x000028a6      0x268 ./Sources/packet.o
 .debug_line    0x00002b0e      0x2fc ./Sources/selftest.o
 .debug_line    0x00002e0a      0x3e2 ./Project_Settings/Startup_Code/startup.o
 .debug_line    0x000031ec      0x33d ./Generated_Code/Cpu.o
 .debug_line    0x00003529      0x2cd ./Generated_Code/Vectors.o
 .debug_line    0x000037f6      0x496 C:\Users\99141145\Documents\develop\Project-john\Library\libOS.a(OS.o)
 .debug_line    0x00003c8c      0x200 C:\Users\99141145\Documents\develop\Project-john\Library\libAnalog.a(analog.o)
 .debug_line    0x00003e8c      0x2d3 C:\Users\99141145\Documents\develop\Project-john\Library\libAnalog.a(SPI.o)

.debug_str      0x00000000    0x9065b
 .debug_str     0x00000000    0x8a68e ./Sources/FIFO.o
                              0x8a813 (size before relaxing)
 .debug_str     0x0008a68e      0x3ea ./Sources/FTM.o
                              0x8ab70 (size before relaxing)
 .debug_str     0x0008aa78     0x27f5 ./Sources/Flash.o
                              0x855ed (size before relaxing)
 .debug_str     0x0008d26d     0x13f3 ./Sources/HMI.o
                              0x85953 (size before relaxing)
 .debug_str     0x0008e660       0xa5 ./Sources/LED.o
                              0x82ef2 (size before relaxing)
 .debug_str     0x0008e705       0x51 ./Sources/LPT.o
                              0x82fbd (size before relaxing)
 .debug_str     0x0008e756       0xc1 ./Sources/PIT.o
                              0x8305d (size before relaxing)
 .debug_str     0x0008e817      0x10a ./Sources/RTC.o
                              0x8c5fe (size before relaxing)
 .debug_str     0x0008e921      0x18c ./Sources/UART.o
                              0x8c706 (size before relaxing)
 .debug_str     0x0008eaad      0x678 ./Sources/main.o
                              0x8d10d (size before relaxing)
 .debug_str     0x0008f125      0x31a ./Sources/measure.o
                              0x8520c (size before relaxing)
 .debug_str     0x0008f43f       0x68 ./Sources/packet.o
                              0x83158 (size before relaxing)
 .debug_str     0x0008f4a7       0xd8 ./Sources/selftest.o
                              0x82fec (size before relaxing)
 .debug_str     0x0008f57f      0x212 ./Project_Settings/Startup_Code/startup.o
                              0x853f7 (size before relaxing)
 .debug_str     0x0008f791      0x1f2 ./Generated_Code/Cpu.o
                              0x8aa34 (size before relaxing)
 .debug_str     0x0008f983       0x1c ./Generated_Code/Vectors.o
                              0x8a7d2 (size before relaxing)
 .debug_str     0x0008f99f      0x3a9 C:\Users\99141145\Documents\develop\Project-john\Library\libOS.a(OS.o)
                              0x8ad2a (size before relaxing)
 .debug_str     0x0008fd48      0x569 C:\Users\99141145\Documents\develop\Project-john\Library\libAnalog.a(analog.o)
                               0x3866 (size before relaxing)
 .debug_str     0x000902b1      0x3aa C:\Users\99141145\Documents\develop\Project-john\Library\libAnalog.a(SPI.o)
                              0x83389 (size before relaxing)

.comment        0x00000000       0x70
 .comment       0x00000000       0x70 ./Sources/FIFO.o
                                 0x71 (size before relaxing)
 .comment       0x00000000       0x71 ./Sources/FTM.o
 .comment       0x00000000       0x71 ./Sources/Flash.o
 .comment       0x00000000       0x71 ./Sources/HMI.o
 .comment       0x00000000       0x71 ./Sources/LED.o
 .comment       0x00000000       0x71 ./Sources/LPT.o
 .comment       0x00000000       0x71 ./Sources/PIT.o
 .comment       0x00000000       0x71 ./Sources/RTC.o
 .comment       0x00000000       0x71 ./Sources/UART.o
 .comment       0x00000000       0x71 ./Sources/main.o
 .comment       0x00000000       0x71 ./Sources/measure.o
 .comment       0x00000000       0x71 ./Sources/packet.o
 .comment       0x00000000       0x71 ./Sources/selftest.o
 .comment       0x00000000       0x71 ./Project_Settings/Startup_Code/startup.o
 .comment       0x00000000       0x71 ./Generated_Code/Cpu.o
 .comment       0x00000000       0x71 ./Generated_Code/Vectors.o
 .comment       0x00000000       0x71 C:\Users\99141145\Documents\develop\Project-john\Library\libOS.a(OS.o)
 .comment       0x00000000       0x71 C:\Users\99141145\Documents\develop\Project-john\Library\libAnalog.a(analog.o)
 .comment       0x00000000       0x71 C:\Users\99141145\Documents\develop\Project-john\Library\libAnalog.a(SPI.o)

.debug_frame    0x00000000     0x1a04
 .debug_frame   0x00000000       0x70 ./Sources/FIFO.o
 .debug_frame   0x00000070       0x8c ./Sources/FTM.o
 .debug_frame   0x000000fc      0x15c ./Sources/Flash.o
 .debug_frame   0x00000258       0xd0 ./Sources/HMI.o
 .debug_frame   0x00000328       0x7c ./Sources/LED.o
 .debug_frame   0x000003a4       0x54 ./Sources/LPT.o
 .debug_frame   0x000003f8       0x90 ./Sources/PIT.o
 .debug_frame   0x00000488       0xc8 ./Sources/RTC.o
 .debug_frame   0x00000550      0x114 ./Sources/UART.o
 .debug_frame   0x00000664      0x374 ./Sources/main.o
 .debug_frame   0x000009d8      0x2dc ./Sources/measure.o
 .debug_frame   0x00000cb4       0x8c ./Sources/packet.o
 .debug_frame   0x00000d40       0xc8 ./Sources/selftest.o
 .debug_frame   0x00000e08       0xc0 ./Project_Settings/Startup_Code/startup.o
 .debug_frame   0x00000ec8       0x80 ./Generated_Code/Cpu.o
 .debug_frame   0x00000f48      0x2a0 C:\Users\99141145\Documents\develop\Project-john\Library\libOS.a(OS.o)
 .debug_frame   0x000011e8       0x90 C:\Users\99141145\Documents\develop\Project-john\Library\libAnalog.a(analog.o)
 .debug_frame   0x00001278      0x100 C:\Users\99141145\Documents\develop\Project-john\Library\libAnalog.a(SPI.o)
 .debug_frame   0x00001378       0x38 c:/freescale/kds_3.0.0/toolchain/bin/../lib/gcc/arm-none-eabi/4.8.4/../../../../arm-none-eabi/lib/armv7e-m/fpu\libm.a(lib_a-s_ceil.o)
 .debug_frame   0x000013b0       0x38 c:/freescale/kds_3.0.0/toolchain/bin/../lib/gcc/arm-none-eabi/4.8.4/../../../../arm-none-eabi/lib/armv7e-m/fpu\libm.a(lib_a-s_floor.o)
 .debug_frame   0x000013e8       0x40 c:/freescale/kds_3.0.0/toolchain/bin/../lib/gcc/arm-none-eabi/4.8.4/../../../../arm-none-eabi/lib/armv7e-m/fpu\libm.a(lib_a-w_pow.o)
 .debug_frame   0x00001428       0x38 c:/freescale/kds_3.0.0/toolchain/bin/../lib/gcc/arm-none-eabi/4.8.4/../../../../arm-none-eabi/lib/armv7e-m/fpu\libm.a(lib_a-w_sqrt.o)
 .debug_frame   0x00001460       0x44 c:/freescale/kds_3.0.0/toolchain/bin/../lib/gcc/arm-none-eabi/4.8.4/../../../../arm-none-eabi/lib/armv7e-m/fpu\libm.a(lib_a-e_pow.o)
 .debug_frame   0x000014a4       0x3c c:/freescale/kds_3.0.0/toolchain/bin/../lib/gcc/arm-none-eabi/4.8.4/../../../../arm-none-eabi/lib/armv7e-m/fpu\libm.a(lib_a-e_sqrt.o)
 .debug_frame   0x000014e0       0x20 c:/freescale/kds_3.0.0/toolchain/bin/../lib/gcc/arm-none-eabi/4.8.4/../../../../arm-none-eabi/lib/armv7e-m/fpu\libm.a(lib_a-s_fabs.o)
 .debug_frame   0x00001500       0x20 c:/freescale/kds_3.0.0/toolchain/bin/../lib/gcc/arm-none-eabi/4.8.4/../../../../arm-none-eabi/lib/armv7e-m/fpu\libm.a(lib_a-s_finite.o)
 .debug_frame   0x00001520       0x28 c:/freescale/kds_3.0.0/toolchain/bin/../lib/gcc/arm-none-eabi/4.8.4/../../../../arm-none-eabi/lib/armv7e-m/fpu\libm.a(lib_a-s_fpclassify.o)
 .debug_frame   0x00001548       0x20 c:/freescale/kds_3.0.0/toolchain/bin/../lib/gcc/arm-none-eabi/4.8.4/../../../../arm-none-eabi/lib/armv7e-m/fpu\libm.a(lib_a-s_matherr.o)
 .debug_frame   0x00001568       0x20 c:/freescale/kds_3.0.0/toolchain/bin/../lib/gcc/arm-none-eabi/4.8.4/../../../../arm-none-eabi/lib/armv7e-m/fpu\libm.a(lib_a-s_nan.o)
 .debug_frame   0x00001588       0x30 c:/freescale/kds_3.0.0/toolchain/bin/../lib/gcc/arm-none-eabi/4.8.4/../../../../arm-none-eabi/lib/armv7e-m/fpu\libm.a(lib_a-s_rint.o)
 .debug_frame   0x000015b8       0x2c c:/freescale/kds_3.0.0/toolchain/bin/../lib/gcc/arm-none-eabi/4.8.4/../../../../arm-none-eabi/lib/armv7e-m/fpu\libm.a(lib_a-s_scalbn.o)
 .debug_frame   0x000015e4       0x28 c:/freescale/kds_3.0.0/toolchain/bin/../lib/gcc/arm-none-eabi/4.8.4/../../../../arm-none-eabi/lib/armv7e-m/fpu\libm.a(lib_a-s_copysign.o)
 .debug_frame   0x0000160c       0x20 c:/freescale/kds_3.0.0/toolchain/bin/../lib/gcc/arm-none-eabi/4.8.4/../../../../arm-none-eabi/lib/armv7e-m/fpu\libg_s.a(lib_a-errno.o)
 .debug_frame   0x0000162c       0x28 c:/freescale/kds_3.0.0/toolchain/bin/../lib/gcc/arm-none-eabi/4.8.4/../../../../arm-none-eabi/lib/armv7e-m/fpu\libg_s.a(lib_a-exit.o)
 .debug_frame   0x00001654       0x2c c:/freescale/kds_3.0.0/toolchain/bin/../lib/gcc/arm-none-eabi/4.8.4/../../../../arm-none-eabi/lib/armv7e-m/fpu\libg_s.a(lib_a-init.o)
 .debug_frame   0x00001680       0x2c c:/freescale/kds_3.0.0/toolchain/bin/../lib/gcc/arm-none-eabi/4.8.4/../../../../arm-none-eabi/lib/armv7e-m/fpu\libg_s.a(lib_a-memcmp.o)
 .debug_frame   0x000016ac       0x20 c:/freescale/kds_3.0.0/toolchain/bin/../lib/gcc/arm-none-eabi/4.8.4/../../../../arm-none-eabi/lib/armv7e-m/fpu\libg_s.a(lib_a-memset.o)
 .debug_frame   0x000016cc       0x58 c:/freescale/kds_3.0.0/toolchain/bin/../lib/gcc/arm-none-eabi/4.8.4/../../../../arm-none-eabi/lib/armv7e-m/fpu\libg_s.a(lib_a-sprintf.o)
 .debug_frame   0x00001724       0x88 c:/freescale/kds_3.0.0/toolchain/bin/../lib/gcc/arm-none-eabi/4.8.4/../../../../arm-none-eabi/lib/armv7e-m/fpu\libg_s.a(lib_a-svfprintf.o)
 .debug_frame   0x000017ac       0x60 c:/freescale/kds_3.0.0/toolchain/bin/../lib/gcc/arm-none-eabi/4.8.4/../../../../arm-none-eabi/lib/armv7e-m/fpu\libg_s.a(lib_a-vfprintf_i.o)
 .debug_frame   0x0000180c       0x28 c:/freescale/kds_3.0.0/toolchain/bin/../lib/gcc/arm-none-eabi/4.8.4/../../../../arm-none-eabi/lib/armv7e-m/fpu\libg_s.a(lib_a-memchr-stub.o)
 .debug_frame   0x00001834       0x28 c:/freescale/kds_3.0.0/toolchain/bin/../lib/gcc/arm-none-eabi/4.8.4/../../../../arm-none-eabi/lib/armv7e-m/fpu\libg_s.a(lib_a-memcpy-stub.o)
 .debug_frame   0x0000185c       0x2c c:/freescale/kds_3.0.0/toolchain/bin/../lib/gcc/arm-none-eabi/4.8.4/../../../../arm-none-eabi/lib/armv7e-m/fpu\libg_s.a(lib_a-memmove.o)
 .debug_frame   0x00001888       0x2c c:/freescale/kds_3.0.0/toolchain/bin/../lib/gcc/arm-none-eabi/4.8.4/../../../../arm-none-eabi/lib/armv7e-m/fpu\libg_s.a(lib_a-nano-freer.o)
 .debug_frame   0x000018b4       0x2c c:/freescale/kds_3.0.0/toolchain/bin/../lib/gcc/arm-none-eabi/4.8.4/../../../../arm-none-eabi/lib/armv7e-m/fpu\libg_s.a(lib_a-nano-mallocr.o)
 .debug_frame   0x000018e0       0x30 c:/freescale/kds_3.0.0/toolchain/bin/../lib/gcc/arm-none-eabi/4.8.4/../../../../arm-none-eabi/lib/armv7e-m/fpu\libg_s.a(lib_a-nano-reallocr.o)
 .debug_frame   0x00001910       0x2c c:/freescale/kds_3.0.0/toolchain/bin/../lib/gcc/arm-none-eabi/4.8.4/../../../../arm-none-eabi/lib/armv7e-m/fpu\libg_s.a(lib_a-sbrkr.o)
 .debug_frame   0x0000193c       0x20 c:/freescale/kds_3.0.0/toolchain/bin/../lib/gcc/arm-none-eabi/4.8.4/../../../../arm-none-eabi/lib/armv7e-m/fpu\libg_s.a(lib_a-strlen.o)
 .debug_frame   0x0000195c       0x20 c:/freescale/kds_3.0.0/toolchain/bin/../lib/gcc/arm-none-eabi/4.8.4/../../../../arm-none-eabi/lib/armv7e-m/fpu\libg_s.a(lib_a-nano-msizer.o)
 .debug_frame   0x0000197c       0x48 c:/freescale/kds_3.0.0/toolchain/bin/../lib/gcc/arm-none-eabi/4.8.4/../../../../arm-none-eabi/lib/armv7e-m/fpu\libg_s.a(lib_a-reent.o)
 .debug_frame   0x000019c4       0x20 c:/freescale/kds_3.0.0/toolchain/bin/../lib/gcc/arm-none-eabi/4.8.4/../../../../arm-none-eabi/lib/armv7e-m/fpu\libnosys.a(sbrk.o)
 .debug_frame   0x000019e4       0x20 c:/freescale/kds_3.0.0/toolchain/bin/../lib/gcc/arm-none-eabi/4.8.4/../../../../arm-none-eabi/lib/armv7e-m/fpu\libnosys.a(_exit.o)
